freertos.c:810:6:CMVPC_Mode_Task	16	static
freertos.c:926:6:CMVVC_Mode_Task	8	static
freertos.c:388:6:StartDefaultTask	8	static
freertos.c:992:6:SIMVPC_Mode_Task	8	static
freertos.c:646:6:DataComputation_Task	32	static
freertos.c:782:6:Set_DAC_Value_Task	16	static
freertos.c:1216:6:E_VALUE_CLOSE_Task	8	static
freertos.c:422:6:PulseGeneratorTask	32	static
freertos.c:616:6:TransmitDataTask	16	static
freertos.c:1100:6:Debug_Task	16	static
freertos.c:711:6:ADC_Conversion_Task	24	static
freertos.c:1064:6:BiPAP_V_Mode_Task	8	static
freertos.c:1082:6:APR_VC_Mode_Task	8	static
freertos.c:1010:6:SIMVVC_Mode_Task	8	static
freertos.c:1028:6:PS_V_Mode_Task	8	static
freertos.c:1046:6:cPAP_V_Mode_Task	8	static
freertos.c:285:6:MX_FREERTOS_Init	8	static
freertos.c:1243:6:HAL_ADC_ConvCpltCallback	16	static,ignoring_inline_asm
freertos.c:1253:6:HAL_UART_RxCpltCallback	16	static,ignoring_inline_asm
freertos.c:1275:6:COMMAND_HANDLER	16	static
freertos.c:522:6:CMD_Handler	40	static
freertos.c:1130:6:UART_CMD_Handler_Task	32	static
freertos.c:1359:6:HAL_UART_ErrorCallback	8	static
freertos.c:1368:19:HAL_UART_DMA_Tx_Stop	8	static
freertos.c:1266:6:HAL_UART_TxCpltCallback	0	static
