freertos2.c:523:6:MX_FREERTOS_Init	8	static
freertos2.c:680:6:StartDefaultTask	16	static
freertos2.c:738:6:PulseGeneratorTask	24	static
freertos2.c:1018:6:CMD_Handler	24	static
freertos2.c:1127:6:TransmitDataTask	24	static
freertos2.c:1162:6:DataComputation_Task	24	static
freertos2.c:1227:6:ADC_Conversion_Task	24	static
freertos2.c:1298:6:Set_DAC_Value_Task	24	static
freertos2.c:1328:6:CMVPC_Mode_Task	16	static
freertos2.c:1391:6:CMVVC_Mode_Task	16	static
freertos2.c:1451:6:SIMVPC_Mode_Task	16	static
freertos2.c:1545:6:SIMVVC_Mode_Task	16	static
freertos2.c:1637:6:PS_V_Mode_Task	16	static
freertos2.c:1655:6:cPAP_V_Mode_Task	16	static
freertos2.c:1802:6:BiPAP_V_Mode_Task	16	static
freertos2.c:1924:6:APR_VC_Mode_Task	16	static
freertos2.c:1942:6:Debug_Task	24	static
freertos2.c:1977:6:UART_CMD_Handler_Task	24	static
freertos2.c:2068:6:oneMilliSecondTask	24	static
freertos2.c:2113:6:ControlSystemTask	24	static
freertos2.c:2442:6:PSV_ModeTask	16	static
freertos2.c:2554:6:PCCMV_BackupTask	16	static
freertos2.c:2672:6:VCCMV_BackupTask	16	static
freertos2.c:2783:6:OxyTask	24	static
freertos2.c:2999:6:Mode_Analysis_Task	16	static
freertos2.c:3137:6:SERVICE_Communication	16	static
freertos2.c:3164:6:SERVICE_Blower	16	static
freertos2.c:3211:6:SERVICE_ExpValve	32	static
freertos2.c:3272:6:SERVICE_Proximal	32	static
freertos2.c:3327:6:SERVICE_Leak	32	static
freertos2.c:3381:6:SERVICE_Battery	16	static
freertos2.c:3410:6:SERVICE_Led	16	static
freertos2.c:3445:6:SERVICE_ADS1115	24	static
freertos2.c:3506:6:SERVICE_Servo	24	static
freertos2.c:3550:6:SERVICE_Sensor	16	static
freertos2.c:3601:6:SERVICE_Nebuliser	16	static
freertos2.c:3637:6:SERVICE_Oxygen	24	static
freertos2.c:3675:6:HAL_ADC_ConvCpltCallback	24	static,ignoring_inline_asm
freertos2.c:3687:6:HAL_UART_RxCpltCallback	24	static,ignoring_inline_asm
freertos2.c:3700:6:HAL_UART_TxCpltCallback	16	static
freertos2.c:3707:6:Switch_TASK_I_CYCLE	8	static
freertos2.c:3721:6:Switch_TASK_E_CYCLE	8	static
freertos2.c:3735:6:COMMAND_HANDLER	40	static
freertos2.c:3866:6:ALERT_COMMAND_HANDLER	16	static
freertos2.c:3886:6:SERVICE_COMMAND_HANDLER	16	static
freertos2.c:3954:6:HAL_UART_ErrorCallback	24	static
freertos2.c:3963:19:HAL_UART_DMA_Tx_Stop	24	static
freertos2.c:3985:6:SEND_REPORT_PACKET	8	static
freertos2.c:4004:6:SEND_ALERT_PACKET	8	static
