freertos.c:523:6:MX_FREERTOS_Init	8	static
freertos.c:680:6:StartDefaultTask	16	static
freertos.c:738:6:PulseGeneratorTask	24	static
freertos.c:1029:6:CMD_Handler	24	static
freertos.c:1132:6:TransmitDataTask	24	static
freertos.c:1167:6:DataComputation_Task	24	static
freertos.c:1232:6:ADC_Conversion_Task	24	static
freertos.c:1303:6:Set_DAC_Value_Task	24	static
freertos.c:1333:6:CMVPC_Mode_Task	16	static
freertos.c:1396:6:CMVVC_Mode_Task	16	static
freertos.c:1456:6:SIMVPC_Mode_Task	16	static
freertos.c:1550:6:SIMVVC_Mode_Task	16	static
freertos.c:1642:6:PS_V_Mode_Task	16	static
freertos.c:1660:6:cPAP_V_Mode_Task	16	static
freertos.c:1807:6:BiPAP_V_Mode_Task	16	static
freertos.c:1929:6:APR_VC_Mode_Task	16	static
freertos.c:2051:6:Debug_Task	24	static
freertos.c:2086:6:UART_CMD_Handler_Task	24	static
freertos.c:2181:6:oneMilliSecondTask	24	static
freertos.c:2226:6:ControlSystemTask	24	static
freertos.c:2614:6:PSV_ModeTask	16	static
freertos.c:2726:6:PCCMV_BackupTask	16	static
freertos.c:2847:6:VCCMV_BackupTask	16	static
freertos.c:2961:6:OxyTask	24	static
freertos.c:3177:6:Mode_Analysis_Task	16	static
freertos.c:3315:6:SERVICE_Communication	16	static
freertos.c:3342:6:SERVICE_Blower	16	static
freertos.c:3389:6:SERVICE_ExpValve	32	static
freertos.c:3450:6:SERVICE_Proximal	32	static
freertos.c:3505:6:SERVICE_Leak	32	static
freertos.c:3559:6:SERVICE_Battery	16	static
freertos.c:3588:6:SERVICE_Led	16	static
freertos.c:3623:6:SERVICE_ADS1115	24	static
freertos.c:3684:6:SERVICE_Servo	24	static
freertos.c:3728:6:SERVICE_Sensor	16	static
freertos.c:3779:6:SERVICE_Nebuliser	16	static
freertos.c:3815:6:SERVICE_Oxygen	24	static
freertos.c:3853:6:HAL_ADC_ConvCpltCallback	24	static,ignoring_inline_asm
freertos.c:3865:6:HAL_UART_RxCpltCallback	24	static,ignoring_inline_asm
freertos.c:3878:6:HAL_UART_TxCpltCallback	16	static
freertos.c:3885:6:Switch_TASK_I_CYCLE	8	static
freertos.c:3899:6:Switch_TASK_E_CYCLE	8	static
freertos.c:3913:6:COMMAND_HANDLER	40	static
freertos.c:4044:6:ALERT_COMMAND_HANDLER	16	static
freertos.c:4064:6:SERVICE_COMMAND_HANDLER	16	static
freertos.c:4132:6:HAL_UART_ErrorCallback	24	static
freertos.c:4141:19:HAL_UART_DMA_Tx_Stop	24	static
freertos.c:4163:6:SEND_REPORT_PACKET	8	static
freertos.c:4183:6:SEND_ALERT_PACKET	8	static
