Archive member included to satisfy reference by file (symbol)

c:/st/stm32cubeide_1.6.1/stm32cubeide/plugins/com.st.stm32cube.ide.mcu.externaltools.gnu-tools-for-stm32.9-2020-q2-update.win32_1.5.0.202011040924/tools/bin/../lib/gcc/arm-none-eabi/9.3.1/../../../../arm-none-eabi/lib/thumb/v7e-m+fp/hard\libc_nano.a(lib_a-errno.o)
                              Core/Src/syscalls.o (__errno)
c:/st/stm32cubeide_1.6.1/stm32cubeide/plugins/com.st.stm32cube.ide.mcu.externaltools.gnu-tools-for-stm32.9-2020-q2-update.win32_1.5.0.202011040924/tools/bin/../lib/gcc/arm-none-eabi/9.3.1/../../../../arm-none-eabi/lib/thumb/v7e-m+fp/hard\libc_nano.a(lib_a-exit.o)
                              c:/st/stm32cubeide_1.6.1/stm32cubeide/plugins/com.st.stm32cube.ide.mcu.externaltools.gnu-tools-for-stm32.9-2020-q2-update.win32_1.5.0.202011040924/tools/bin/../lib/gcc/arm-none-eabi/9.3.1/../../../../arm-none-eabi/lib/thumb/v7e-m+fp/hard/crt0.o (exit)
c:/st/stm32cubeide_1.6.1/stm32cubeide/plugins/com.st.stm32cube.ide.mcu.externaltools.gnu-tools-for-stm32.9-2020-q2-update.win32_1.5.0.202011040924/tools/bin/../lib/gcc/arm-none-eabi/9.3.1/../../../../arm-none-eabi/lib/thumb/v7e-m+fp/hard\libc_nano.a(lib_a-impure.o)
                              c:/st/stm32cubeide_1.6.1/stm32cubeide/plugins/com.st.stm32cube.ide.mcu.externaltools.gnu-tools-for-stm32.9-2020-q2-update.win32_1.5.0.202011040924/tools/bin/../lib/gcc/arm-none-eabi/9.3.1/../../../../arm-none-eabi/lib/thumb/v7e-m+fp/hard\libc_nano.a(lib_a-exit.o) (_global_impure_ptr)
c:/st/stm32cubeide_1.6.1/stm32cubeide/plugins/com.st.stm32cube.ide.mcu.externaltools.gnu-tools-for-stm32.9-2020-q2-update.win32_1.5.0.202011040924/tools/bin/../lib/gcc/arm-none-eabi/9.3.1/../../../../arm-none-eabi/lib/thumb/v7e-m+fp/hard\libc_nano.a(lib_a-init.o)
                              c:/st/stm32cubeide_1.6.1/stm32cubeide/plugins/com.st.stm32cube.ide.mcu.externaltools.gnu-tools-for-stm32.9-2020-q2-update.win32_1.5.0.202011040924/tools/bin/../lib/gcc/arm-none-eabi/9.3.1/../../../../arm-none-eabi/lib/thumb/v7e-m+fp/hard/crt0.o (__libc_init_array)
c:/st/stm32cubeide_1.6.1/stm32cubeide/plugins/com.st.stm32cube.ide.mcu.externaltools.gnu-tools-for-stm32.9-2020-q2-update.win32_1.5.0.202011040924/tools/bin/../lib/gcc/arm-none-eabi/9.3.1/../../../../arm-none-eabi/lib/thumb/v7e-m+fp/hard\libc_nano.a(lib_a-memcpy-stub.o)
                              Middlewares/Third_Party/FreeRTOS/Source/CMSIS_RTOS_V2/cmsis_os2.o (memcpy)
c:/st/stm32cubeide_1.6.1/stm32cubeide/plugins/com.st.stm32cube.ide.mcu.externaltools.gnu-tools-for-stm32.9-2020-q2-update.win32_1.5.0.202011040924/tools/bin/../lib/gcc/arm-none-eabi/9.3.1/../../../../arm-none-eabi/lib/thumb/v7e-m+fp/hard\libc_nano.a(lib_a-memset.o)
                              c:/st/stm32cubeide_1.6.1/stm32cubeide/plugins/com.st.stm32cube.ide.mcu.externaltools.gnu-tools-for-stm32.9-2020-q2-update.win32_1.5.0.202011040924/tools/bin/../lib/gcc/arm-none-eabi/9.3.1/../../../../arm-none-eabi/lib/thumb/v7e-m+fp/hard/crt0.o (memset)
c:/st/stm32cubeide_1.6.1/stm32cubeide/plugins/com.st.stm32cube.ide.mcu.externaltools.gnu-tools-for-stm32.9-2020-q2-update.win32_1.5.0.202011040924/tools/bin/../lib/gcc/arm-none-eabi/9.3.1/../../../../arm-none-eabi/lib/thumb/v7e-m+fp/hard\libm.a(lib_a-wf_sqrt.o)
                              Drivers/CMSIS/DSP/Source/ComplexMathFunctions/arm_cmplx_mag_f32.o (sqrtf)
c:/st/stm32cubeide_1.6.1/stm32cubeide/plugins/com.st.stm32cube.ide.mcu.externaltools.gnu-tools-for-stm32.9-2020-q2-update.win32_1.5.0.202011040924/tools/bin/../lib/gcc/arm-none-eabi/9.3.1/../../../../arm-none-eabi/lib/thumb/v7e-m+fp/hard\libm.a(lib_a-ef_sqrt.o)
                              c:/st/stm32cubeide_1.6.1/stm32cubeide/plugins/com.st.stm32cube.ide.mcu.externaltools.gnu-tools-for-stm32.9-2020-q2-update.win32_1.5.0.202011040924/tools/bin/../lib/gcc/arm-none-eabi/9.3.1/../../../../arm-none-eabi/lib/thumb/v7e-m+fp/hard\libm.a(lib_a-wf_sqrt.o) (__ieee754_sqrtf)
c:/st/stm32cubeide_1.6.1/stm32cubeide/plugins/com.st.stm32cube.ide.mcu.externaltools.gnu-tools-for-stm32.9-2020-q2-update.win32_1.5.0.202011040924/tools/bin/../lib/gcc/arm-none-eabi/9.3.1/../../../../arm-none-eabi/lib/thumb/v7e-m+fp/hard\libm.a(lib_a-s_lib_ver.o)
                              c:/st/stm32cubeide_1.6.1/stm32cubeide/plugins/com.st.stm32cube.ide.mcu.externaltools.gnu-tools-for-stm32.9-2020-q2-update.win32_1.5.0.202011040924/tools/bin/../lib/gcc/arm-none-eabi/9.3.1/../../../../arm-none-eabi/lib/thumb/v7e-m+fp/hard\libm.a(lib_a-wf_sqrt.o) (__fdlib_version)
c:/st/stm32cubeide_1.6.1/stm32cubeide/plugins/com.st.stm32cube.ide.mcu.externaltools.gnu-tools-for-stm32.9-2020-q2-update.win32_1.5.0.202011040924/tools/bin/../lib/gcc/arm-none-eabi/9.3.1/thumb/v7e-m+fp/hard\libgcc.a(_arm_muldf3.o)
                              Core/Src/Pressure_Calculation.o (__aeabi_dmul)
[...]
Memory Configuration

Name             Origin             Length             Attributes
CCMRAM           0x0000000010000000 0x0000000000010000 xrw
RAM              0x0000000020000000 0x0000000000020000 xrw
FLASH            0x0000000008000000 0x0000000000080000 xr
*default*        0x0000000000000000 0xffffffffffffffff

Linker script and memory map

LOAD c:/st/stm32cubeide_1.6.1/stm32cubeide/plugins/com.st.stm32cube.ide.mcu.externaltools.gnu-tools-for-stm32.9-2020-q2-update.win32_1.5.0.202011040924/tools/bin/../lib/gcc/arm-none-eabi/9.3.1/thumb/v7e-m+fp/hard/crti.o
LOAD c:/st/stm32cubeide_1.6.1/stm32cubeide/plugins/com.st.stm32cube.ide.mcu.externaltools.gnu-tools-for-stm32.9-2020-q2-update.win32_1.5.0.202011040924/tools/bin/../lib/gcc/arm-none-eabi/9.3.1/thumb/v7e-m+fp/hard/crtbegin.o
LOAD c:/st/stm32cubeide_1.6.1/stm32cubeide/plugins/com.st.stm32cube.ide.mcu.externaltools.gnu-tools-for-stm32.9-2020-q2-update.win32_1.5.0.202011040924/tools/bin/../lib/gcc/arm-none-eabi/9.3.1/../../../../arm-none-eabi/lib/thumb/v7e-m+fp/hard/crt0.o
LOAD Core/Src/Pressure_Calculation.o
LOAD Core/Src/Ventilator_Calc.o
LOAD Core/Src/adc.o
LOAD Core/Src/dac.o
LOAD Core/Src/dma.o
LOAD Core/Src/freertos.o
LOAD Core/Src/gpio.o
LOAD Core/Src/i2c.o
LOAD Core/Src/main.o
LOAD Core/Src/stm32f4xx_hal_msp.o
LOAD Core/Src/stm32f4xx_hal_timebase_tim.o
LOAD Core/Src/stm32f4xx_it.o
LOAD Core/Src/syscalls.o
LOAD Core/Src/sysmem.o
LOAD Core/Src/system_stm32f4xx.o
LOAD Core/Src/tim.o
LOAD Core/Src/usart.o
LOAD Core/Startup/startup_stm32f407vetx.o
LOAD Drivers/CMSIS/DSP/Source/BasicMathFunctions/arm_abs_f32.o
LOAD Drivers/CMSIS/DSP/Source/BasicMathFunctions/arm_abs_q15.o
LOAD Drivers/CMSIS/DSP/Source/BasicMathFunctions/arm_abs_q31.o
LOAD Drivers/CMSIS/DSP/Source/BasicMathFunctions/arm_abs_q7.o
LOAD Drivers/CMSIS/DSP/Source/BasicMathFunctions/arm_add_f32.o
LOAD Drivers/CMSIS/DSP/Source/BasicMathFunctions/arm_add_q15.o
LOAD Drivers/CMSIS/DSP/Source/BasicMathFunctions/arm_add_q31.o
LOAD Drivers/CMSIS/DSP/Source/BasicMathFunctions/arm_add_q7.o
LOAD Drivers/CMSIS/DSP/Source/BasicMathFunctions/arm_dot_prod_f32.o
LOAD Drivers/CMSIS/DSP/Source/BasicMathFunctions/arm_dot_prod_q15.o
LOAD Drivers/CMSIS/DSP/Source/BasicMathFunctions/arm_dot_prod_q31.o
LOAD Drivers/CMSIS/DSP/Source/BasicMathFunctions/arm_dot_prod_q7.o
LOAD Drivers/CMSIS/DSP/Source/BasicMathFunctions/arm_mult_f32.o
LOAD Drivers/CMSIS/DSP/Source/BasicMathFunctions/arm_mult_q15.o
LOAD Drivers/CMSIS/DSP/Source/BasicMathFunctions/arm_mult_q31.o
LOAD Drivers/CMSIS/DSP/Source/BasicMathFunctions/arm_mult_q7.o
LOAD Drivers/CMSIS/DSP/Source/BasicMathFunctions/arm_negate_f32.o
LOAD Drivers/CMSIS/DSP/Source/BasicMathFunctions/arm_negate_q15.o
LOAD Drivers/CMSIS/DSP/Source/BasicMathFunctions/arm_negate_q31.o
LOAD Drivers/CMSIS/DSP/Source/BasicMathFunctions/arm_negate_q7.o
LOAD Drivers/CMSIS/DSP/Source/BasicMathFunctions/arm_offset_f32.o
LOAD Drivers/CMSIS/DSP/Source/BasicMathFunctions/arm_offset_q15.o
LOAD Drivers/CMSIS/DSP/Source/BasicMathFunctions/arm_offset_q31.o
LOAD Drivers/CMSIS/DSP/Source/BasicMathFunctions/arm_offset_q7.o
LOAD Drivers/CMSIS/DSP/Source/BasicMathFunctions/arm_scale_f32.o
LOAD Drivers/CMSIS/DSP/Source/BasicMathFunctions/arm_scale_q15.o
LOAD Drivers/CMSIS/DSP/Source/BasicMathFunctions/arm_scale_q31.o
LOAD Drivers/CMSIS/DSP/Source/BasicMathFunctions/arm_scale_q7.o
LOAD Drivers/CMSIS/DSP/Source/BasicMathFunctions/arm_shift_q15.o
LOAD Drivers/CMSIS/DSP/Source/BasicMathFunctions/arm_shift_q31.o
LOAD Drivers/CMSIS/DSP/Source/BasicMathFunctions/arm_shift_q7.o
LOAD Drivers/CMSIS/DSP/Source/BasicMathFunctions/arm_sub_f32.o
LOAD Drivers/CMSIS/DSP/Source/BasicMathFunctions/arm_sub_q15.o
LOAD Drivers/CMSIS/DSP/Source/BasicMathFunctions/arm_sub_q31.o
LOAD Drivers/CMSIS/DSP/Source/BasicMathFunctions/arm_sub_q7.o
LOAD Drivers/CMSIS/DSP/Source/CommonTables/arm_common_tables.o
LOAD Drivers/CMSIS/DSP/Source/CommonTables/arm_const_structs.o
LOAD Drivers/CMSIS/DSP/Source/ComplexMathFunctions/arm_cmplx_conj_f32.o
LOAD Drivers/CMSIS/DSP/Source/ComplexMathFunctions/arm_cmplx_conj_q15.o
LOAD Drivers/CMSIS/DSP/Source/ComplexMathFunctions/arm_cmplx_conj_q31.o
LOAD Drivers/CMSIS/DSP/Source/ComplexMathFunctions/arm_cmplx_dot_prod_f32.o
LOAD Drivers/CMSIS/DSP/Source/ComplexMathFunctions/arm_cmplx_dot_prod_q15.o
LOAD Drivers/CMSIS/DSP/Source/ComplexMathFunctions/arm_cmplx_dot_prod_q31.o
LOAD Drivers/CMSIS/DSP/Source/ComplexMathFunctions/arm_cmplx_mag_f32.o
LOAD Drivers/CMSIS/DSP/Source/ComplexMathFunctions/arm_cmplx_mag_q15.o
LOAD Drivers/CMSIS/DSP/Source/ComplexMathFunctions/arm_cmplx_mag_q31.o
LOAD Drivers/CMSIS/DSP/Source/ComplexMathFunctions/arm_cmplx_mag_squared_f32.o
LOAD Drivers/CMSIS/DSP/Source/ComplexMathFunctions/arm_cmplx_mag_squared_q15.o
LOAD Drivers/CMSIS/DSP/Source/ComplexMathFunctions/arm_cmplx_mag_squared_q31.o
LOAD Drivers/CMSIS/DSP/Source/ComplexMathFunctions/arm_cmplx_mult_cmplx_f32.o
LOAD Drivers/CMSIS/DSP/Source/ComplexMathFunctions/arm_cmplx_mult_cmplx_q15.o
LOAD Drivers/CMSIS/DSP/Source/ComplexMathFunctions/arm_cmplx_mult_cmplx_q31.o
LOAD Drivers/CMSIS/DSP/Source/ComplexMathFunctions/arm_cmplx_mult_real_f32.o
LOAD Drivers/CMSIS/DSP/Source/ComplexMathFunctions/arm_cmplx_mult_real_q15.o
LOAD Drivers/CMSIS/DSP/Source/ComplexMathFunctions/arm_cmplx_mult_real_q31.o
LOAD Drivers/CMSIS/DSP/Source/ControllerFunctions/arm_pid_init_f32.o
LOAD Drivers/CMSIS/DSP/Source/ControllerFunctions/arm_pid_init_q15.o
LOAD Drivers/CMSIS/DSP/Source/ControllerFunctions/arm_pid_init_q31.o
LOAD Drivers/CMSIS/DSP/Source/ControllerFunctions/arm_pid_reset_f32.o
LOAD Drivers/CMSIS/DSP/Source/ControllerFunctions/arm_pid_reset_q15.o
LOAD Drivers/CMSIS/DSP/Source/ControllerFunctions/arm_pid_reset_q31.o
LOAD Drivers/CMSIS/DSP/Source/ControllerFunctions/arm_sin_cos_f32.o
LOAD Drivers/CMSIS/DSP/Source/ControllerFunctions/arm_sin_cos_q31.o
LOAD Drivers/CMSIS/DSP/Source/FastMathFunctions/arm_cos_f32.o
LOAD Drivers/CMSIS/DSP/Source/FastMathFunctions/arm_cos_q15.o
LOAD Drivers/CMSIS/DSP/Source/FastMathFunctions/arm_cos_q31.o
LOAD Drivers/CMSIS/DSP/Source/FastMathFunctions/arm_sin_f32.o
LOAD Drivers/CMSIS/DSP/Source/FastMathFunctions/arm_sin_q15.o
LOAD Drivers/CMSIS/DSP/Source/FastMathFunctions/arm_sin_q31.o
LOAD Drivers/CMSIS/DSP/Source/FastMathFunctions/arm_sqrt_q15.o
LOAD Drivers/CMSIS/DSP/Source/FastMathFunctions/arm_sqrt_q31.o
LOAD Drivers/CMSIS/DSP/Source/FilteringFunctions/arm_biquad_cascade_df1_32x64_init_q31.o
LOAD Drivers/CMSIS/DSP/Source/FilteringFunctions/arm_biquad_cascade_df1_32x64_q31.o
LOAD Drivers/CMSIS/DSP/Source/FilteringFunctions/arm_biquad_cascade_df1_f32.o
LOAD Drivers/CMSIS/DSP/Source/FilteringFunctions/arm_biquad_cascade_df1_fast_q15.o
LOAD Drivers/CMSIS/DSP/Source/FilteringFunctions/arm_biquad_cascade_df1_fast_q31.o
LOAD Drivers/CMSIS/DSP/Source/FilteringFunctions/arm_biquad_cascade_df1_init_f32.o
LOAD Drivers/CMSIS/DSP/Source/FilteringFunctions/arm_biquad_cascade_df1_init_q15.o
LOAD Drivers/CMSIS/DSP/Source/FilteringFunctions/arm_biquad_cascade_df1_init_q31.o
LOAD Drivers/CMSIS/DSP/Source/FilteringFunctions/arm_biquad_cascade_df1_q15.o
LOAD Drivers/CMSIS/DSP/Source/FilteringFunctions/arm_biquad_cascade_df1_q31.o
LOAD Drivers/CMSIS/DSP/Source/FilteringFunctions/arm_biquad_cascade_df2T_f32.o
LOAD Drivers/CMSIS/DSP/Source/FilteringFunctions/arm_biquad_cascade_df2T_f64.o
LOAD Drivers/CMSIS/DSP/Source/FilteringFunctions/arm_biquad_cascade_df2T_init_f32.o
LOAD Drivers/CMSIS/DSP/Source/FilteringFunctions/arm_biquad_cascade_df2T_init_f64.o
LOAD Drivers/CMSIS/DSP/Source/FilteringFunctions/arm_biquad_cascade_stereo_df2T_f32.o
LOAD Drivers/CMSIS/DSP/Source/FilteringFunctions/arm_biquad_cascade_stereo_df2T_init_f32.o
LOAD Drivers/CMSIS/DSP/Source/FilteringFunctions/arm_conv_f32.o
LOAD Drivers/CMSIS/DSP/Source/FilteringFunctions/arm_conv_fast_opt_q15.o
LOAD Drivers/CMSIS/DSP/Source/FilteringFunctions/arm_conv_fast_q15.o
LOAD Drivers/CMSIS/DSP/Source/FilteringFunctions/arm_conv_fast_q31.o
LOAD Drivers/CMSIS/DSP/Source/FilteringFunctions/arm_conv_opt_q15.o
LOAD Drivers/CMSIS/DSP/Source/FilteringFunctions/arm_conv_opt_q7.o
LOAD Drivers/CMSIS/DSP/Source/FilteringFunctions/arm_conv_partial_f32.o
LOAD Drivers/CMSIS/DSP/Source/FilteringFunctions/arm_conv_partial_fast_opt_q15.o
LOAD Drivers/CMSIS/DSP/Source/FilteringFunctions/arm_conv_partial_fast_q15.o
LOAD Drivers/CMSIS/DSP/Source/FilteringFunctions/arm_conv_partial_fast_q31.o
LOAD Drivers/CMSIS/DSP/Source/FilteringFunctions/arm_conv_partial_opt_q15.o
LOAD Drivers/CMSIS/DSP/Source/FilteringFunctions/arm_conv_partial_opt_q7.o
LOAD Drivers/CMSIS/DSP/Source/FilteringFunctions/arm_conv_partial_q15.o
LOAD Drivers/CMSIS/DSP/Source/FilteringFunctions/arm_conv_partial_q31.o
LOAD Drivers/CMSIS/DSP/Source/FilteringFunctions/arm_conv_partial_q7.o
LOAD Drivers/CMSIS/DSP/Source/FilteringFunctions/arm_conv_q15.o
LOAD Drivers/CMSIS/DSP/Source/FilteringFunctions/arm_conv_q31.o
LOAD Drivers/CMSIS/DSP/Source/FilteringFunctions/arm_conv_q7.o
LOAD Drivers/CMSIS/DSP/Source/FilteringFunctions/arm_correlate_f32.o
LOAD Drivers/CMSIS/DSP/Source/FilteringFunctions/arm_correlate_fast_opt_q15.o
LOAD Drivers/CMSIS/DSP/Source/FilteringFunctions/arm_correlate_fast_q15.o
LOAD Drivers/CMSIS/DSP/Source/FilteringFunctions/arm_correlate_fast_q31.o
LOAD Drivers/CMSIS/DSP/Source/FilteringFunctions/arm_correlate_opt_q15.o
LOAD Drivers/CMSIS/DSP/Source/FilteringFunctions/arm_correlate_opt_q7.o
LOAD Drivers/CMSIS/DSP/Source/FilteringFunctions/arm_correlate_q15.o
LOAD Drivers/CMSIS/DSP/Source/FilteringFunctions/arm_correlate_q31.o
LOAD Drivers/CMSIS/DSP/Source/FilteringFunctions/arm_correlate_q7.o
LOAD Drivers/CMSIS/DSP/Source/FilteringFunctions/arm_fir_decimate_f32.o
LOAD Drivers/CMSIS/DSP/Source/FilteringFunctions/arm_fir_decimate_fast_q15.o
LOAD Drivers/CMSIS/DSP/Source/FilteringFunctions/arm_fir_decimate_fast_q31.o
LOAD Drivers/CMSIS/DSP/Source/FilteringFunctions/arm_fir_decimate_init_f32.o
LOAD Drivers/CMSIS/DSP/Source/FilteringFunctions/arm_fir_decimate_init_q15.o
LOAD Drivers/CMSIS/DSP/Source/FilteringFunctions/arm_fir_decimate_init_q31.o
LOAD Drivers/CMSIS/DSP/Source/FilteringFunctions/arm_fir_decimate_q15.o
LOAD Drivers/CMSIS/DSP/Source/FilteringFunctions/arm_fir_decimate_q31.o
LOAD Drivers/CMSIS/DSP/Source/FilteringFunctions/arm_fir_f32.o
LOAD Drivers/CMSIS/DSP/Source/FilteringFunctions/arm_fir_fast_q15.o
LOAD Drivers/CMSIS/DSP/Source/FilteringFunctions/arm_fir_fast_q31.o
LOAD Drivers/CMSIS/DSP/Source/FilteringFunctions/arm_fir_init_f32.o
LOAD Drivers/CMSIS/DSP/Source/FilteringFunctions/arm_fir_init_q15.o
LOAD Drivers/CMSIS/DSP/Source/FilteringFunctions/arm_fir_init_q31.o
LOAD Drivers/CMSIS/DSP/Source/FilteringFunctions/arm_fir_init_q7.o
LOAD Drivers/CMSIS/DSP/Source/FilteringFunctions/arm_fir_interpolate_f32.o
LOAD Drivers/CMSIS/DSP/Source/FilteringFunctions/arm_fir_interpolate_init_f32.o
LOAD Drivers/CMSIS/DSP/Source/FilteringFunctions/arm_fir_interpolate_init_q15.o
LOAD Drivers/CMSIS/DSP/Source/FilteringFunctions/arm_fir_interpolate_init_q31.o
LOAD Drivers/CMSIS/DSP/Source/FilteringFunctions/arm_fir_interpolate_q15.o
LOAD Drivers/CMSIS/DSP/Source/FilteringFunctions/arm_fir_interpolate_q31.o
LOAD Drivers/CMSIS/DSP/Source/FilteringFunctions/arm_fir_lattice_f32.o
LOAD Drivers/CMSIS/DSP/Source/FilteringFunctions/arm_fir_lattice_init_f32.o
LOAD Drivers/CMSIS/DSP/Source/FilteringFunctions/arm_fir_lattice_init_q15.o
LOAD Drivers/CMSIS/DSP/Source/FilteringFunctions/arm_fir_lattice_init_q31.o
LOAD Drivers/CMSIS/DSP/Source/FilteringFunctions/arm_fir_lattice_q15.o
LOAD Drivers/CMSIS/DSP/Source/FilteringFunctions/arm_fir_lattice_q31.o
LOAD Drivers/CMSIS/DSP/Source/FilteringFunctions/arm_fir_q15.o
LOAD Drivers/CMSIS/DSP/Source/FilteringFunctions/arm_fir_q31.o
LOAD Drivers/CMSIS/DSP/Source/FilteringFunctions/arm_fir_q7.o
LOAD Drivers/CMSIS/DSP/Source/FilteringFunctions/arm_fir_sparse_f32.o
LOAD Drivers/CMSIS/DSP/Source/FilteringFunctions/arm_fir_sparse_init_f32.o
LOAD Drivers/CMSIS/DSP/Source/FilteringFunctions/arm_fir_sparse_init_q15.o
LOAD Drivers/CMSIS/DSP/Source/FilteringFunctions/arm_fir_sparse_init_q31.o
LOAD Drivers/CMSIS/DSP/Source/FilteringFunctions/arm_fir_sparse_init_q7.o
LOAD Drivers/CMSIS/DSP/Source/FilteringFunctions/arm_fir_sparse_q15.o
LOAD Drivers/CMSIS/DSP/Source/FilteringFunctions/arm_fir_sparse_q31.o
LOAD Drivers/CMSIS/DSP/Source/FilteringFunctions/arm_fir_sparse_q7.o
LOAD Drivers/CMSIS/DSP/Source/FilteringFunctions/arm_iir_lattice_f32.o
LOAD Drivers/CMSIS/DSP/Source/FilteringFunctions/arm_iir_lattice_init_f32.o
LOAD Drivers/CMSIS/DSP/Source/FilteringFunctions/arm_iir_lattice_init_q15.o
LOAD Drivers/CMSIS/DSP/Source/FilteringFunctions/arm_iir_lattice_init_q31.o
LOAD Drivers/CMSIS/DSP/Source/FilteringFunctions/arm_iir_lattice_q15.o
LOAD Drivers/CMSIS/DSP/Source/FilteringFunctions/arm_iir_lattice_q31.o
LOAD Drivers/CMSIS/DSP/Source/FilteringFunctions/arm_lms_f32.o
LOAD Drivers/CMSIS/DSP/Source/FilteringFunctions/arm_lms_init_f32.o
LOAD Drivers/CMSIS/DSP/Source/FilteringFunctions/arm_lms_init_q15.o
LOAD Drivers/CMSIS/DSP/Source/FilteringFunctions/arm_lms_init_q31.o
LOAD Drivers/CMSIS/DSP/Source/FilteringFunctions/arm_lms_norm_f32.o
LOAD Drivers/CMSIS/DSP/Source/FilteringFunctions/arm_lms_norm_init_f32.o
LOAD Drivers/CMSIS/DSP/Source/FilteringFunctions/arm_lms_norm_init_q15.o
LOAD Drivers/CMSIS/DSP/Source/FilteringFunctions/arm_lms_norm_init_q31.o
LOAD Drivers/CMSIS/DSP/Source/FilteringFunctions/arm_lms_norm_q15.o
LOAD Drivers/CMSIS/DSP/Source/FilteringFunctions/arm_lms_norm_q31.o
LOAD Drivers/CMSIS/DSP/Source/FilteringFunctions/arm_lms_q15.o
LOAD Drivers/CMSIS/DSP/Source/FilteringFunctions/arm_lms_q31.o
LOAD Drivers/CMSIS/DSP/Source/MatrixFunctions/arm_mat_add_f32.o
LOAD Drivers/CMSIS/DSP/Source/MatrixFunctions/arm_mat_add_q15.o
LOAD Drivers/CMSIS/DSP/Source/MatrixFunctions/arm_mat_add_q31.o
LOAD Drivers/CMSIS/DSP/Source/MatrixFunctions/arm_mat_cmplx_mult_f32.o
LOAD Drivers/CMSIS/DSP/Source/MatrixFunctions/arm_mat_cmplx_mult_q15.o
LOAD Drivers/CMSIS/DSP/Source/MatrixFunctions/arm_mat_cmplx_mult_q31.o
LOAD Drivers/CMSIS/DSP/Source/MatrixFunctions/arm_mat_init_f32.o
LOAD Drivers/CMSIS/DSP/Source/MatrixFunctions/arm_mat_init_q15.o
LOAD Drivers/CMSIS/DSP/Source/MatrixFunctions/arm_mat_init_q31.o
LOAD Drivers/CMSIS/DSP/Source/MatrixFunctions/arm_mat_inverse_f32.o
LOAD Drivers/CMSIS/DSP/Source/MatrixFunctions/arm_mat_inverse_f64.o
LOAD Drivers/CMSIS/DSP/Source/MatrixFunctions/arm_mat_mult_f32.o
LOAD Drivers/CMSIS/DSP/Source/MatrixFunctions/arm_mat_mult_fast_q15.o
LOAD Drivers/CMSIS/DSP/Source/MatrixFunctions/arm_mat_mult_fast_q31.o
LOAD Drivers/CMSIS/DSP/Source/MatrixFunctions/arm_mat_mult_q15.o
LOAD Drivers/CMSIS/DSP/Source/MatrixFunctions/arm_mat_mult_q31.o
LOAD Drivers/CMSIS/DSP/Source/MatrixFunctions/arm_mat_scale_f32.o
LOAD Drivers/CMSIS/DSP/Source/MatrixFunctions/arm_mat_scale_q15.o
LOAD Drivers/CMSIS/DSP/Source/MatrixFunctions/arm_mat_scale_q31.o
LOAD Drivers/CMSIS/DSP/Source/MatrixFunctions/arm_mat_sub_f32.o
LOAD Drivers/CMSIS/DSP/Source/MatrixFunctions/arm_mat_sub_q15.o
LOAD Drivers/CMSIS/DSP/Source/MatrixFunctions/arm_mat_sub_q31.o
LOAD Drivers/CMSIS/DSP/Source/MatrixFunctions/arm_mat_trans_f32.o
LOAD Drivers/CMSIS/DSP/Source/MatrixFunctions/arm_mat_trans_q15.o
LOAD Drivers/CMSIS/DSP/Source/MatrixFunctions/arm_mat_trans_q31.o
LOAD Drivers/CMSIS/DSP/Source/StatisticsFunctions/arm_max_f32.o
LOAD Drivers/CMSIS/DSP/Source/StatisticsFunctions/arm_max_q15.o
LOAD Drivers/CMSIS/DSP/Source/StatisticsFunctions/arm_max_q31.o
LOAD Drivers/CMSIS/DSP/Source/StatisticsFunctions/arm_max_q7.o
LOAD Drivers/CMSIS/DSP/Source/StatisticsFunctions/arm_mean_f32.o
LOAD Drivers/CMSIS/DSP/Source/StatisticsFunctions/arm_mean_q15.o
LOAD Drivers/CMSIS/DSP/Source/StatisticsFunctions/arm_mean_q31.o
LOAD Drivers/CMSIS/DSP/Source/StatisticsFunctions/arm_mean_q7.o
LOAD Drivers/CMSIS/DSP/Source/StatisticsFunctions/arm_min_f32.o
LOAD Drivers/CMSIS/DSP/Source/StatisticsFunctions/arm_min_q15.o
LOAD Drivers/CMSIS/DSP/Source/StatisticsFunctions/arm_min_q31.o
LOAD Drivers/CMSIS/DSP/Source/StatisticsFunctions/arm_min_q7.o
LOAD Drivers/CMSIS/DSP/Source/StatisticsFunctions/arm_power_f32.o
LOAD Drivers/CMSIS/DSP/Source/StatisticsFunctions/arm_power_q15.o
LOAD Drivers/CMSIS/DSP/Source/StatisticsFunctions/arm_power_q31.o
LOAD Drivers/CMSIS/DSP/Source/StatisticsFunctions/arm_power_q7.o
LOAD Drivers/CMSIS/DSP/Source/StatisticsFunctions/arm_rms_f32.o
LOAD Drivers/CMSIS/DSP/Source/StatisticsFunctions/arm_rms_q15.o
LOAD Drivers/CMSIS/DSP/Source/StatisticsFunctions/arm_rms_q31.o
LOAD Drivers/CMSIS/DSP/Source/StatisticsFunctions/arm_std_f32.o
LOAD Drivers/CMSIS/DSP/Source/StatisticsFunctions/arm_std_q15.o
LOAD Drivers/CMSIS/DSP/Source/StatisticsFunctions/arm_std_q31.o
LOAD Drivers/CMSIS/DSP/Source/StatisticsFunctions/arm_var_f32.o
LOAD Drivers/CMSIS/DSP/Source/StatisticsFunctions/arm_var_q15.o
LOAD Drivers/CMSIS/DSP/Source/StatisticsFunctions/arm_var_q31.o
LOAD Drivers/CMSIS/DSP/Source/SupportFunctions/arm_copy_f32.o
LOAD Drivers/CMSIS/DSP/Source/SupportFunctions/arm_copy_q15.o
LOAD Drivers/CMSIS/DSP/Source/SupportFunctions/arm_copy_q31.o
LOAD Drivers/CMSIS/DSP/Source/SupportFunctions/arm_copy_q7.o
LOAD Drivers/CMSIS/DSP/Source/SupportFunctions/arm_fill_f32.o
LOAD Drivers/CMSIS/DSP/Source/SupportFunctions/arm_fill_q15.o
LOAD Drivers/CMSIS/DSP/Source/SupportFunctions/arm_fill_q31.o
LOAD Drivers/CMSIS/DSP/Source/SupportFunctions/arm_fill_q7.o
LOAD Drivers/CMSIS/DSP/Source/SupportFunctions/arm_float_to_q15.o
LOAD Drivers/CMSIS/DSP/Source/SupportFunctions/arm_float_to_q31.o
LOAD Drivers/CMSIS/DSP/Source/SupportFunctions/arm_float_to_q7.o
LOAD Drivers/CMSIS/DSP/Source/SupportFunctions/arm_q15_to_float.o
LOAD Drivers/CMSIS/DSP/Source/SupportFunctions/arm_q15_to_q31.o
LOAD Drivers/CMSIS/DSP/Source/SupportFunctions/arm_q15_to_q7.o
LOAD Drivers/CMSIS/DSP/Source/SupportFunctions/arm_q31_to_float.o
LOAD Drivers/CMSIS/DSP/Source/SupportFunctions/arm_q31_to_q15.o
LOAD Drivers/CMSIS/DSP/Source/SupportFunctions/arm_q31_to_q7.o
LOAD Drivers/CMSIS/DSP/Source/SupportFunctions/arm_q7_to_float.o
LOAD Drivers/CMSIS/DSP/Source/SupportFunctions/arm_q7_to_q15.o
LOAD Drivers/CMSIS/DSP/Source/SupportFunctions/arm_q7_to_q31.o
LOAD Drivers/CMSIS/DSP/Source/TransformFunctions/arm_bitreversal.o
LOAD Drivers/CMSIS/DSP/Source/TransformFunctions/arm_bitreversal2.o
LOAD Drivers/CMSIS/DSP/Source/TransformFunctions/arm_cfft_f32.o
LOAD Drivers/CMSIS/DSP/Source/TransformFunctions/arm_cfft_q15.o
LOAD Drivers/CMSIS/DSP/Source/TransformFunctions/arm_cfft_q31.o
LOAD Drivers/CMSIS/DSP/Source/TransformFunctions/arm_cfft_radix2_f32.o
LOAD Drivers/CMSIS/DSP/Source/TransformFunctions/arm_cfft_radix2_init_f32.o
LOAD Drivers/CMSIS/DSP/Source/TransformFunctions/arm_cfft_radix2_init_q15.o
LOAD Drivers/CMSIS/DSP/Source/TransformFunctions/arm_cfft_radix2_init_q31.o
LOAD Drivers/CMSIS/DSP/Source/TransformFunctions/arm_cfft_radix2_q15.o
LOAD Drivers/CMSIS/DSP/Source/TransformFunctions/arm_cfft_radix2_q31.o
LOAD Drivers/CMSIS/DSP/Source/TransformFunctions/arm_cfft_radix4_f32.o
LOAD Drivers/CMSIS/DSP/Source/TransformFunctions/arm_cfft_radix4_init_f32.o
LOAD Drivers/CMSIS/DSP/Source/TransformFunctions/arm_cfft_radix4_init_q15.o
LOAD Drivers/CMSIS/DSP/Source/TransformFunctions/arm_cfft_radix4_init_q31.o
LOAD Drivers/CMSIS/DSP/Source/TransformFunctions/arm_cfft_radix4_q15.o
LOAD Drivers/CMSIS/DSP/Source/TransformFunctions/arm_cfft_radix4_q31.o
LOAD Drivers/CMSIS/DSP/Source/TransformFunctions/arm_cfft_radix8_f32.o
LOAD Drivers/CMSIS/DSP/Source/TransformFunctions/arm_dct4_f32.o
LOAD Drivers/CMSIS/DSP/Source/TransformFunctions/arm_dct4_init_f32.o
LOAD Drivers/CMSIS/DSP/Source/TransformFunctions/arm_dct4_init_q15.o
LOAD Drivers/CMSIS/DSP/Source/TransformFunctions/arm_dct4_init_q31.o
LOAD Drivers/CMSIS/DSP/Source/TransformFunctions/arm_dct4_q15.o
LOAD Drivers/CMSIS/DSP/Source/TransformFunctions/arm_dct4_q31.o
LOAD Drivers/CMSIS/DSP/Source/TransformFunctions/arm_rfft_f32.o
LOAD Drivers/CMSIS/DSP/Source/TransformFunctions/arm_rfft_fast_f32.o
LOAD Drivers/CMSIS/DSP/Source/TransformFunctions/arm_rfft_fast_init_f32.o
LOAD Drivers/CMSIS/DSP/Source/TransformFunctions/arm_rfft_init_f32.o
LOAD Drivers/CMSIS/DSP/Source/TransformFunctions/arm_rfft_init_q15.o
LOAD Drivers/CMSIS/DSP/Source/TransformFunctions/arm_rfft_init_q31.o
LOAD Drivers/CMSIS/DSP/Source/TransformFunctions/arm_rfft_q15.o
LOAD Drivers/CMSIS/DSP/Source/TransformFunctions/arm_rfft_q31.o
LOAD Drivers/STM32F4xx_HAL_Driver/Src/stm32f4xx_hal.o
LOAD Drivers/STM32F4xx_HAL_Driver/Src/stm32f4xx_hal_adc.o
LOAD Drivers/STM32F4xx_HAL_Driver/Src/stm32f4xx_hal_adc_ex.o
LOAD Drivers/STM32F4xx_HAL_Driver/Src/stm32f4xx_hal_cortex.o
LOAD Drivers/STM32F4xx_HAL_Driver/Src/stm32f4xx_hal_dac.o
LOAD Drivers/STM32F4xx_HAL_Driver/Src/stm32f4xx_hal_dac_ex.o
LOAD Drivers/STM32F4xx_HAL_Driver/Src/stm32f4xx_hal_dma.o
LOAD Drivers/STM32F4xx_HAL_Driver/Src/stm32f4xx_hal_dma_ex.o
LOAD Drivers/STM32F4xx_HAL_Driver/Src/stm32f4xx_hal_exti.o
LOAD Drivers/STM32F4xx_HAL_Driver/Src/stm32f4xx_hal_flash.o
LOAD Drivers/STM32F4xx_HAL_Driver/Src/stm32f4xx_hal_flash_ex.o
LOAD Drivers/STM32F4xx_HAL_Driver/Src/stm32f4xx_hal_flash_ramfunc.o
LOAD Drivers/STM32F4xx_HAL_Driver/Src/stm32f4xx_hal_gpio.o
LOAD Drivers/STM32F4xx_HAL_Driver/Src/stm32f4xx_hal_i2c.o
LOAD Drivers/STM32F4xx_HAL_Driver/Src/stm32f4xx_hal_i2c_ex.o
LOAD Drivers/STM32F4xx_HAL_Driver/Src/stm32f4xx_hal_pcd.o
LOAD Drivers/STM32F4xx_HAL_Driver/Src/stm32f4xx_hal_pcd_ex.o
LOAD Drivers/STM32F4xx_HAL_Driver/Src/stm32f4xx_hal_pwr.o
LOAD Drivers/STM32F4xx_HAL_Driver/Src/stm32f4xx_hal_pwr_ex.o
LOAD Drivers/STM32F4xx_HAL_Driver/Src/stm32f4xx_hal_rcc.o
LOAD Drivers/STM32F4xx_HAL_Driver/Src/stm32f4xx_hal_rcc_ex.o
LOAD Drivers/STM32F4xx_HAL_Driver/Src/stm32f4xx_hal_tim.o
LOAD Drivers/STM32F4xx_HAL_Driver/Src/stm32f4xx_hal_tim_ex.o
LOAD Drivers/STM32F4xx_HAL_Driver/Src/stm32f4xx_hal_uart.o
LOAD Drivers/STM32F4xx_HAL_Driver/Src/stm32f4xx_ll_adc.o
LOAD Drivers/STM32F4xx_HAL_Driver/Src/stm32f4xx_ll_usb.o
LOAD Middlewares/ST/STM32_USB_Device_Library/Class/CDC/Src/usbd_cdc.o
LOAD Middlewares/ST/STM32_USB_Device_Library/Core/Src/usbd_core.o
LOAD Middlewares/ST/STM32_USB_Device_Library/Core/Src/usbd_ctlreq.o
LOAD Middlewares/ST/STM32_USB_Device_Library/Core/Src/usbd_ioreq.o
LOAD Middlewares/Third_Party/FreeRTOS/Source/CMSIS_RTOS_V2/cmsis_os2.o
LOAD Middlewares/Third_Party/FreeRTOS/Source/croutine.o
LOAD Middlewares/Third_Party/FreeRTOS/Source/event_groups.o
LOAD Middlewares/Third_Party/FreeRTOS/Source/list.o
LOAD Middlewares/Third_Party/FreeRTOS/Source/queue.o
LOAD Middlewares/Third_Party/FreeRTOS/Source/stream_buffer.o
LOAD Middlewares/Third_Party/FreeRTOS/Source/tasks.o
LOAD Middlewares/Third_Party/FreeRTOS/Source/timers.o
LOAD Middlewares/Third_Party/FreeRTOS/Source/portable/GCC/ARM_CM4F/port.o
LOAD Middlewares/Third_Party/FreeRTOS/Source/portable/MemMang/heap_4.o
LOAD USB_DEVICE/App/usb_device.o
LOAD USB_DEVICE/App/usbd_cdc_if.o
LOAD USB_DEVICE/App/usbd_desc.o
LOAD USB_DEVICE/Target/usbd_conf.o
START GROUP
LOAD c:/st/stm32cubeide_1.6.1/stm32cubeide/plugins/com.st.stm32cube.ide.mcu.externaltools.gnu-tools-for-stm32.9-2020-q2-update.win32_1.5.0.202011040924/tools/bin/../lib/gcc/arm-none-eabi/9.3.1/../../../../arm-none-eabi/lib/thumb/v7e-m+fp/hard\libc_nano.a
LOAD c:/st/stm32cubeide_1.6.1/stm32cubeide/plugins/com.st.stm32cube.ide.mcu.externaltools.gnu-tools-for-stm32.9-2020-q2-update.win32_1.5.0.202011040924/tools/bin/../lib/gcc/arm-none-eabi/9.3.1/../../../../arm-none-eabi/lib/thumb/v7e-m+fp/hard\libm.a
END GROUP
START GROUP
LOAD c:/st/stm32cubeide_1.6.1/stm32cubeide/plugins/com.st.stm32cube.ide.mcu.externaltools.gnu-tools-for-stm32.9-2020-q2-update.win32_1.5.0.202011040924/tools/bin/../lib/gcc/arm-none-eabi/9.3.1/thumb/v7e-m+fp/hard\libgcc.a
LOAD c:/st/stm32cubeide_1.6.1/stm32cubeide/plugins/com.st.stm32cube.ide.mcu.externaltools.gnu-tools-for-stm32.9-2020-q2-update.win32_1.5.0.202011040924/tools/bin/../lib/gcc/arm-none-eabi/9.3.1/../../../../arm-none-eabi/lib/thumb/v7e-m+fp/hard\libc_nano.a
END GROUP
START GROUP
LOAD c:/st/stm32cubeide_1.6.1/stm32cubeide/plugins/com.st.stm32cube.ide.mcu.externaltools.gnu-tools-for-stm32.9-2020-q2-update.win32_1.5.0.202011040924/tools/bin/../lib/gcc/arm-none-eabi/9.3.1/thumb/v7e-m+fp/hard\libgcc.a
LOAD c:/st/stm32cubeide_1.6.1/stm32cubeide/plugins/com.st.stm32cube.ide.mcu.externaltools.gnu-tools-for-stm32.9-2020-q2-update.win32_1.5.0.202011040924/tools/bin/../lib/gcc/arm-none-eabi/9.3.1/../../../../arm-none-eabi/lib/thumb/v7e-m+fp/hard\libc_nano.a
LOAD c:/st/stm32cubeide_1.6.1/stm32cubeide/plugins/com.st.stm32cube.ide.mcu.externaltools.gnu-tools-for-stm32.9-2020-q2-update.win32_1.5.0.202011040924/tools/bin/../lib/gcc/arm-none-eabi/9.3.1/../../../../arm-none-eabi/lib/thumb/v7e-m+fp/hard\libnosys.a
END GROUP
START GROUP
LOAD c:/st/stm32cubeide_1.6.1/stm32cubeide/plugins/com.st.stm32cube.ide.mcu.externaltools.gnu-tools-for-stm32.9-2020-q2-update.win32_1.5.0.202011040924/tools/bin/../lib/gcc/arm-none-eabi/9.3.1/thumb/v7e-m+fp/hard\libgcc.a
LOAD c:/st/stm32cubeide_1.6.1/stm32cubeide/plugins/com.st.stm32cube.ide.mcu.externaltools.gnu-tools-for-stm32.9-2020-q2-update.win32_1.5.0.202011040924/tools/bin/../lib/gcc/arm-none-eabi/9.3.1/../../../../arm-none-eabi/lib/thumb/v7e-m+fp/hard\libc_nano.a
LOAD c:/st/stm32cubeide_1.6.1/stm32cubeide/plugins/com.st.stm32cube.ide.mcu.externaltools.gnu-tools-for-stm32.9-2020-q2-update.win32_1.5.0.202011040924/tools/bin/../lib/gcc/arm-none-eabi/9.3.1/../../../../arm-none-eabi/lib/thumb/v7e-m+fp/hard\libnosys.a
END GROUP
LOAD c:/st/stm32cubeide_1.6.1/stm32cubeide/plugins/com.st.stm32cube.ide.mcu.externaltools.gnu-tools-for-stm32.9-2020-q2-update.win32_1.5.0.202011040924/tools/bin/../lib/gcc/arm-none-eabi/9.3.1/thumb/v7e-m+fp/hard/crtend.o
LOAD c:/st/stm32cubeide_1.6.1/stm32cubeide/plugins/com.st.stm32cube.ide.mcu.externaltools.gnu-tools-for-stm32.9-2020-q2-update.win32_1.5.0.202011040924/tools/bin/../lib/gcc/arm-none-eabi/9.3.1/thumb/v7e-m+fp/hard/crtn.o
                0x0000000020020000                _estack = (ORIGIN (RAM) + LENGTH (RAM))
                0x0000000000000200                _Min_Heap_Size = 0x200
                0x0000000000000400                _Min_Stack_Size = 0x400

.isr_vector     0x0000000008000000      0x188
                0x0000000008000000                . = ALIGN (0x4)
 *(.isr_vector)
 .isr_vector    0x0000000008000000      0x188 Core/Startup/startup_stm32f407vetx.o
                0x0000000008000000                g_pfnVectors
                0x0000000008000188                . = ALIGN (0x4)

.text           0x0000000008000190     0x8f3c
                0x0000000008000190                . = ALIGN (0x4)
 *(.text)
 .text          0x0000000008000190       0x40 c:/st/stm32cubeide_1.6.1/stm32cubeide/plugins/com.st.stm32cube.ide.mcu.externaltools.gnu-tools-for-stm32.9-2020-q2-update.win32_1.5.0.202011040924/tools/bin/../lib/gcc/arm-none-eabi/9.3.1/thumb/v7e-m+fp/hard/crtbegin.o
 .text          0x00000000080001d0      0x378 c:/st/stm32cubeide_1.6.1/stm32cubeide/plugins/com.st.stm32cube.ide.mcu.externaltools.gnu-tools-for-stm32.9-2020-q2-update.win32_1.5.0.202011040924/tools/bin/../lib/gcc/arm-none-eabi/9.3.1/thumb/v7e-m+fp/hard\libgcc.a(_arm_addsubdf3.o)
                0x00000000080001d0                __aeabi_drsub
                0x00000000080001d8                __aeabi_dsub
                0x00000000080001d8                __subdf3
                0x00000000080001dc                __aeabi_dadd
                0x00000000080001dc                __adddf3
                0x0000000008000454                __floatunsidf
                0x0000000008000454                __aeabi_ui2d
                0x0000000008000474                __floatsidf
                0x0000000008000474                __aeabi_i2d
                0x0000000008000498                __aeabi_f2d
                0x0000000008000498                __extendsfdf2
                0x00000000080004dc                __floatundidf
                0x00000000080004dc                __aeabi_ul2d
                0x00000000080004ec                __floatdidf
                0x00000000080004ec                __aeabi_l2d
 .text          0x0000000008000548      0x424 c:/st/stm32cubeide_1.6.1/stm32cubeide/plugins/com.st.stm32cube.ide.mcu.externaltools.gnu-tools-for-stm32.9-2020-q2-update.win32_1.5.0.202011040924/tools/bin/../lib/gcc/arm-none-eabi/9.3.1/thumb/v7e-m+fp/hard\libgcc.a(_arm_muldivdf3.o)
                0x0000000008000548                __aeabi_dmul
                0x0000000008000548                __muldf3
                0x000000000800079c                __divdf3
                0x000000000800079c                __aeabi_ddiv
 .text          0x000000000800096c       0x40 c:/st/stm32cubeide_1.6.1/stm32cubeide/plugins/com.st.stm32cube.ide.mcu.externaltools.gnu-tools-for-stm32.9-2020-q2-update.win32_1.5.0.202011040924/tools/bin/../lib/gcc/arm-none-eabi/9.3.1/thumb/v7e-m+fp/hard\libgcc.a(_arm_fixunsdfsi.o)
                0x000000000800096c                __aeabi_d2uiz
                0x000000000800096c                __fixunsdfsi
 .text          0x00000000080009ac       0xa0 c:/st/stm32cubeide_1.6.1/stm32cubeide/plugins/com.st.stm32cube.ide.mcu.externaltools.gnu-tools-for-stm32.9-2020-q2-update.win32_1.5.0.202011040924/tools/bin/../lib/gcc/arm-none-eabi/9.3.1/thumb/v7e-m+fp/hard\libgcc.a(_arm_truncdfsf2.o)
                0x00000000080009ac                __truncdfsf2
                0x00000000080009ac                __aeabi_d2f
 .text          0x0000000008000a4c       0x30 c:/st/stm32cubeide_1.6.1/stm32cubeide/plugins/com.st.stm32cube.ide.mcu.externaltools.gnu-tools-for-stm32.9-2020-q2-update.win32_1.5.0.202011040924/tools/bin/../lib/gcc/arm-none-eabi/9.3.1/thumb/v7e-m+fp/hard\libgcc.a(_aeabi_uldivmod.o)
                0x0000000008000a4c                __aeabi_uldivmod
 .text          0x0000000008000a7c      0x2c4 c:/st/stm32cubeide_1.6.1/stm32cubeide/plugins/com.st.stm32cube.ide.mcu.externaltools.gnu-tools-for-stm32.9-2020-q2-update.win32_1.5.0.202011040924/tools/bin/../lib/gcc/arm-none-eabi/9.3.1/thumb/v7e-m+fp/hard\libgcc.a(_udivmoddi4.o)
                0x0000000008000a7c                __udivmoddi4
 .text          0x0000000008000d40        0x4 c:/st/stm32cubeide_1.6.1/stm32cubeide/plugins/com.st.stm32cube.ide.mcu.externaltools.gnu-tools-for-stm32.9-2020-q2-update.win32_1.5.0.202011040924/tools/bin/../lib/gcc/arm-none-eabi/9.3.1/thumb/v7e-m+fp/hard\libgcc.a(_dvmd_tls.o)
                0x0000000008000d40                __aeabi_idiv0
                0x0000000008000d40                __aeabi_ldiv0
 *(.text*)
 .text._CONVERT_KPAtoBar
                0x0000000008000d44       0x1c Core/Src/Pressure_Calculation.o
                0x0000000008000d44                _CONVERT_KPAtoBar
 .text._CONVERT_dPAtoFlow
                0x0000000008000d60      0x150 Core/Src/Pressure_Calculation.o
                0x0000000008000d60                _CONVERT_dPAtoFlow
 .text._CONVERT_PRESStoCMH2O
                0x0000000008000eb0       0x30 Core/Src/Pressure_Calculation.o
                0x0000000008000eb0                _CONVERT_PRESStoCMH2O
 .text.getAvgMilliVot_MovingAverage
                0x0000000008000ee0       0x2a Core/Src/Ventilator_Calc.o
                0x0000000008000ee0                getAvgMilliVot_MovingAverage
 *fill*         0x0000000008000f0a        0x2 
 .text.Calibration_Process
                0x0000000008000f0c       0x78 Core/Src/Ventilator_Calc.o
                0x0000000008000f0c                Calibration_Process
 .text.chksum8  0x0000000008000f84       0x14 Core/Src/Ventilator_Calc.o
                0x0000000008000f84                chksum8
 .text.MX_ADC1_Init
                0x0000000008000f98       0x68 Core/Src/adc.o
                0x0000000008000f98                MX_ADC1_Init
 .text.HAL_ADC_MspInit
                0x0000000008001000       0xa4 Core/Src/adc.o
                0x0000000008001000                HAL_ADC_MspInit
 .text.MX_DAC_Init
                0x00000000080010a4       0x48 Core/Src/dac.o
                0x00000000080010a4                MX_DAC_Init
 .text.HAL_DAC_MspInit
                0x00000000080010ec       0x64 Core/Src/dac.o
                0x00000000080010ec                HAL_DAC_MspInit
 .text.MX_DMA_Init
                0x0000000008001150       0x68 Core/Src/dma.o
                0x0000000008001150                MX_DMA_Init
 .text.CMVPC_Mode_Task
                0x00000000080011b8      0x254 Core/Src/freertos.o
                0x00000000080011b8                CMVPC_Mode_Task
 .text.CMVVC_Mode_Task
                0x000000000800140c      0x16c Core/Src/freertos.o
                0x000000000800140c                CMVVC_Mode_Task
 .text.StartDefaultTask
                0x0000000008001578       0xb0 Core/Src/freertos.o
                0x0000000008001578                StartDefaultTask
 .text.SIMVPC_Mode_Task
                0x0000000008001628        0xa Core/Src/freertos.o
                0x0000000008001628                SIMVPC_Mode_Task
 *fill*         0x0000000008001632        0x2 
 .text.DataComputation_Task
                0x0000000008001634      0x11c Core/Src/freertos.o
                0x0000000008001634                DataComputation_Task
 .text.Set_DAC_Value_Task
                0x0000000008001750       0x40 Core/Src/freertos.o
                0x0000000008001750                Set_DAC_Value_Task
 .text.E_VALUE_CLOSE_Task
                0x0000000008001790       0x40 Core/Src/freertos.o
                0x0000000008001790                E_VALUE_CLOSE_Task
 .text.PulseGeneratorTask
                0x00000000080017d0      0x158 Core/Src/freertos.o
                0x00000000080017d0                PulseGeneratorTask
 .text.TransmitDataTask
                0x0000000008001928       0x80 Core/Src/freertos.o
                0x0000000008001928                TransmitDataTask
 .text.Debug_Task
                0x00000000080019a8       0x80 Core/Src/freertos.o
                0x00000000080019a8                Debug_Task
 .text.ADC_Conversion_Task
                0x0000000008001a28      0x13c Core/Src/freertos.o
                0x0000000008001a28                ADC_Conversion_Task
 .text.BiPAP_V_Mode_Task
                0x0000000008001b64        0xa Core/Src/freertos.o
                0x0000000008001b64                BiPAP_V_Mode_Task
 .text.APR_VC_Mode_Task
                0x0000000008001b6e        0xa Core/Src/freertos.o
                0x0000000008001b6e                APR_VC_Mode_Task
 .text.SIMVVC_Mode_Task
                0x0000000008001b78        0xa Core/Src/freertos.o
                0x0000000008001b78                SIMVVC_Mode_Task
 .text.PS_V_Mode_Task
                0x0000000008001b82        0xa Core/Src/freertos.o
                0x0000000008001b82                PS_V_Mode_Task
 .text.cPAP_V_Mode_Task
                0x0000000008001b8c        0xa Core/Src/freertos.o
                0x0000000008001b8c                cPAP_V_Mode_Task
 *fill*         0x0000000008001b96        0x2 
 .text.MX_FREERTOS_Init
                0x0000000008001b98      0x21c Core/Src/freertos.o
                0x0000000008001b98                MX_FREERTOS_Init
 .text.HAL_ADC_ConvCpltCallback
                0x0000000008001db4       0x50 Core/Src/freertos.o
                0x0000000008001db4                HAL_ADC_ConvCpltCallback
 .text.HAL_UART_RxCpltCallback
                0x0000000008001e04       0x30 Core/Src/freertos.o
                0x0000000008001e04                HAL_UART_RxCpltCallback
 .text.COMMAND_HANDLER
                0x0000000008001e34      0x120 Core/Src/freertos.o
                0x0000000008001e34                COMMAND_HANDLER
 .text.CMD_Handler
                0x0000000008001f54      0x114 Core/Src/freertos.o
                0x0000000008001f54                CMD_Handler
 .text.UART_CMD_Handler_Task
                0x0000000008002068       0xe8 Core/Src/freertos.o
                0x0000000008002068                UART_CMD_Handler_Task
 .text.HAL_UART_ErrorCallback
                0x0000000008002150       0x40 Core/Src/freertos.o
                0x0000000008002150                HAL_UART_ErrorCallback
 .text.HAL_UART_DMA_Tx_Stop
                0x0000000008002190       0x3c Core/Src/freertos.o
                0x0000000008002190                HAL_UART_DMA_Tx_Stop
 .text.HAL_UART_TxCpltCallback
                0x00000000080021cc       0x14 Core/Src/freertos.o
                0x00000000080021cc                HAL_UART_TxCpltCallback
 .text.MX_GPIO_Init
                0x00000000080021e0       0xc8 Core/Src/gpio.o
                0x00000000080021e0                MX_GPIO_Init
 .text.MX_I2C1_Init
                0x00000000080022a8       0x3c Core/Src/i2c.o
                0x00000000080022a8                MX_I2C1_Init
 .text.HAL_I2C_MspInit
                0x00000000080022e4       0x70 Core/Src/i2c.o
                0x00000000080022e4                HAL_I2C_MspInit
 .text.SystemClock_Config
                0x0000000008002354       0xa4 Core/Src/main.o
                0x0000000008002354                SystemClock_Config
 .text.startup.main
                0x00000000080023f8       0x80 Core/Src/main.o
                0x00000000080023f8                main
 .text.ADS1115_Getdata
                0x0000000008002478       0x74 Core/Src/main.o
                0x0000000008002478                ADS1115_Getdata
 .text.HAL_TIM_PeriodElapsedCallback
                0x00000000080024ec       0x14 Core/Src/main.o
                0x00000000080024ec                HAL_TIM_PeriodElapsedCallback
 .text.Error_Handler
                0x0000000008002500        0x4 Core/Src/main.o
                0x0000000008002500                Error_Handler
 .text.HAL_MspInit
                0x0000000008002504       0x40 Core/Src/stm32f4xx_hal_msp.o
                0x0000000008002504                HAL_MspInit
 .text.HAL_InitTick
                0x0000000008002544       0x7c Core/Src/stm32f4xx_hal_timebase_tim.o
                0x0000000008002544                HAL_InitTick
 .text.NMI_Handler
                0x00000000080025c0        0x2 Core/Src/stm32f4xx_it.o
                0x00000000080025c0                NMI_Handler
 .text.HardFault_Handler
                0x00000000080025c2        0x2 Core/Src/stm32f4xx_it.o
                0x00000000080025c2                HardFault_Handler
 .text.MemManage_Handler
                0x00000000080025c4        0x2 Core/Src/stm32f4xx_it.o
                0x00000000080025c4                MemManage_Handler
 .text.BusFault_Handler
                0x00000000080025c6        0x2 Core/Src/stm32f4xx_it.o
                0x00000000080025c6                BusFault_Handler
 .text.UsageFault_Handler
                0x00000000080025c8        0x2 Core/Src/stm32f4xx_it.o
                0x00000000080025c8                UsageFault_Handler
 .text.DebugMon_Handler
                0x00000000080025ca        0x2 Core/Src/stm32f4xx_it.o
                0x00000000080025ca                DebugMon_Handler
 .text.DMA1_Stream1_IRQHandler
                0x00000000080025cc        0xc Core/Src/stm32f4xx_it.o
                0x00000000080025cc                DMA1_Stream1_IRQHandler
 .text.DMA1_Stream3_IRQHandler
                0x00000000080025d8        0xc Core/Src/stm32f4xx_it.o
                0x00000000080025d8                DMA1_Stream3_IRQHandler
 .text.TIM1_UP_TIM10_IRQHandler
                0x00000000080025e4        0xc Core/Src/stm32f4xx_it.o
                0x00000000080025e4                TIM1_UP_TIM10_IRQHandler
 .text.DMA2_Stream0_IRQHandler
                0x00000000080025f0        0xc Core/Src/stm32f4xx_it.o
                0x00000000080025f0                DMA2_Stream0_IRQHandler
 .text.OTG_FS_IRQHandler
                0x00000000080025fc        0xc Core/Src/stm32f4xx_it.o
                0x00000000080025fc                OTG_FS_IRQHandler
 .text.SystemInit
                0x0000000008002608       0x14 Core/Src/system_stm32f4xx.o
                0x0000000008002608                SystemInit
 .text.HAL_TIM_PWM_MspInit
                0x000000000800261c       0x30 Core/Src/tim.o
                0x000000000800261c                HAL_TIM_PWM_MspInit
 .text.HAL_TIM_MspPostInit
                0x000000000800264c       0x54 Core/Src/tim.o
                0x000000000800264c                HAL_TIM_MspPostInit
 .text.MX_TIM5_Init
                0x00000000080026a0       0x80 Core/Src/tim.o
                0x00000000080026a0                MX_TIM5_Init
 .text.MX_USART3_UART_Init
                0x0000000008002720       0x38 Core/Src/usart.o
                0x0000000008002720                MX_USART3_UART_Init
 .text.HAL_UART_MspInit
                0x0000000008002758       0xf8 Core/Src/usart.o
                0x0000000008002758                HAL_UART_MspInit
 .text.Reset_Handler
                0x0000000008002850       0x50 Core/Startup/startup_stm32f407vetx.o
                0x0000000008002850                Reset_Handler
 .text.Default_Handler
                0x00000000080028a0        0x2 Core/Startup/startup_stm32f407vetx.o
                0x00000000080028a0                RTC_Alarm_IRQHandler
                0x00000000080028a0                HASH_RNG_IRQHandler
                0x00000000080028a0                EXTI2_IRQHandler
                0x00000000080028a0                TIM8_CC_IRQHandler
                0x00000000080028a0                TIM1_CC_IRQHandler
                0x00000000080028a0                DMA2_Stream5_IRQHandler
                0x00000000080028a0                DMA1_Stream5_IRQHandler
                0x00000000080028a0                PVD_IRQHandler
                0x00000000080028a0                SDIO_IRQHandler
                0x00000000080028a0                TAMP_STAMP_IRQHandler
                0x00000000080028a0                CAN2_RX1_IRQHandler
                0x00000000080028a0                EXTI3_IRQHandler
                0x00000000080028a0                TIM8_TRG_COM_TIM14_IRQHandler
                0x00000000080028a0                TIM8_UP_TIM13_IRQHandler
                0x00000000080028a0                I2C3_ER_IRQHandler
                0x00000000080028a0                EXTI0_IRQHandler
                0x00000000080028a0                I2C2_EV_IRQHandler
                0x00000000080028a0                DMA1_Stream2_IRQHandler
                0x00000000080028a0                CAN1_RX0_IRQHandler
                0x00000000080028a0                FPU_IRQHandler
                0x00000000080028a0                OTG_HS_WKUP_IRQHandler
                0x00000000080028a0                CAN2_SCE_IRQHandler
                0x00000000080028a0                DMA2_Stream2_IRQHandler
                0x00000000080028a0                SPI1_IRQHandler
                0x00000000080028a0                TIM6_DAC_IRQHandler
                0x00000000080028a0                TIM1_BRK_TIM9_IRQHandler
                0x00000000080028a0                DCMI_IRQHandler
                0x00000000080028a0                CAN2_RX0_IRQHandler
                0x00000000080028a0                DMA2_Stream3_IRQHandler
                0x00000000080028a0                USART6_IRQHandler
                0x00000000080028a0                USART3_IRQHandler
                0x00000000080028a0                CAN1_RX1_IRQHandler
                0x00000000080028a0                UART5_IRQHandler
                0x00000000080028a0                TIM4_IRQHandler
                0x00000000080028a0                I2C1_EV_IRQHandler
                0x00000000080028a0                DMA1_Stream6_IRQHandler
                0x00000000080028a0                UART4_IRQHandler
                0x00000000080028a0                TIM3_IRQHandler
                0x00000000080028a0                RCC_IRQHandler
                0x00000000080028a0                TIM8_BRK_TIM12_IRQHandler
                0x00000000080028a0                Default_Handler
                0x00000000080028a0                EXTI15_10_IRQHandler
                0x00000000080028a0                ADC_IRQHandler
                0x00000000080028a0                DMA1_Stream7_IRQHandler
                0x00000000080028a0                TIM7_IRQHandler
                0x00000000080028a0                CAN2_TX_IRQHandler
                0x00000000080028a0                TIM5_IRQHandler
                0x00000000080028a0                DMA2_Stream7_IRQHandler
                0x00000000080028a0                I2C3_EV_IRQHandler
                0x00000000080028a0                EXTI9_5_IRQHandler
                0x00000000080028a0                RTC_WKUP_IRQHandler
                0x00000000080028a0                ETH_WKUP_IRQHandler
                0x00000000080028a0                SPI2_IRQHandler
                0x00000000080028a0                OTG_HS_EP1_IN_IRQHandler
                0x00000000080028a0                DMA1_Stream0_IRQHandler
                0x00000000080028a0                CAN1_TX_IRQHandler
                0x00000000080028a0                EXTI4_IRQHandler
                0x00000000080028a0                FSMC_IRQHandler
                0x00000000080028a0                ETH_IRQHandler
                0x00000000080028a0                OTG_HS_EP1_OUT_IRQHandler
                0x00000000080028a0                WWDG_IRQHandler
                0x00000000080028a0                TIM2_IRQHandler
                0x00000000080028a0                OTG_FS_WKUP_IRQHandler
                0x00000000080028a0                TIM1_TRG_COM_TIM11_IRQHandler
                0x00000000080028a0                OTG_HS_IRQHandler
                0x00000000080028a0                EXTI1_IRQHandler
                0x00000000080028a0                USART2_IRQHandler
                0x00000000080028a0                I2C2_ER_IRQHandler
                0x00000000080028a0                DMA2_Stream1_IRQHandler
                0x00000000080028a0                CAN1_SCE_IRQHandler
                0x00000000080028a0                FLASH_IRQHandler
                0x00000000080028a0                DMA2_Stream4_IRQHandler
                0x00000000080028a0                USART1_IRQHandler
                0x00000000080028a0                SPI3_IRQHandler
                0x00000000080028a0                DMA1_Stream4_IRQHandler
                0x00000000080028a0                I2C1_ER_IRQHandler
                0x00000000080028a0                DMA2_Stream6_IRQHandler
 *fill*         0x00000000080028a2        0x2 
 .text.HAL_Init
                0x00000000080028a4       0x34 Drivers/STM32F4xx_HAL_Driver/Src/stm32f4xx_hal.o
                0x00000000080028a4                HAL_Init
 .text.HAL_IncTick
                0x00000000080028d8       0x18 Drivers/STM32F4xx_HAL_Driver/Src/stm32f4xx_hal.o
                0x00000000080028d8                HAL_IncTick
 .text.HAL_GetTick
                0x00000000080028f0        0xc Drivers/STM32F4xx_HAL_Driver/Src/stm32f4xx_hal.o
                0x00000000080028f0                HAL_GetTick
 .text.HAL_Delay
                0x00000000080028fc       0x28 Drivers/STM32F4xx_HAL_Driver/Src/stm32f4xx_hal.o
                0x00000000080028fc                HAL_Delay
 .text.HAL_ADC_Init
                0x0000000008002924      0x14c Drivers/STM32F4xx_HAL_Driver/Src/stm32f4xx_hal_adc.o
                0x0000000008002924                HAL_ADC_Init
 .text.HAL_ADC_Start_DMA
                0x0000000008002a70      0x154 Drivers/STM32F4xx_HAL_Driver/Src/stm32f4xx_hal_adc.o
                0x0000000008002a70                HAL_ADC_Start_DMA
 .text.HAL_ADC_ConvHalfCpltCallback
                0x0000000008002bc4        0x2 Drivers/STM32F4xx_HAL_Driver/Src/stm32f4xx_hal_adc.o
                0x0000000008002bc4                HAL_ADC_ConvHalfCpltCallback
 .text.ADC_DMAHalfConvCplt
                0x0000000008002bc6        0xa Drivers/STM32F4xx_HAL_Driver/Src/stm32f4xx_hal_adc.o
 .text.HAL_ADC_ErrorCallback
                0x0000000008002bd0        0x2 Drivers/STM32F4xx_HAL_Driver/Src/stm32f4xx_hal_adc.o
                0x0000000008002bd0                HAL_ADC_ErrorCallback
 .text.ADC_DMAError
                0x0000000008002bd2       0x16 Drivers/STM32F4xx_HAL_Driver/Src/stm32f4xx_hal_adc.o
 .text.ADC_DMAConvCplt
                0x0000000008002be8       0x6c Drivers/STM32F4xx_HAL_Driver/Src/stm32f4xx_hal_adc.o
 .text.HAL_ADC_ConfigChannel
                0x0000000008002c54      0x124 Drivers/STM32F4xx_HAL_Driver/Src/stm32f4xx_hal_adc.o
                0x0000000008002c54                HAL_ADC_ConfigChannel
 .text.HAL_NVIC_SetPriorityGrouping
                0x0000000008002d78       0x24 Drivers/STM32F4xx_HAL_Driver/Src/stm32f4xx_hal_cortex.o
                0x0000000008002d78                HAL_NVIC_SetPriorityGrouping
 .text.HAL_NVIC_SetPriority
                0x0000000008002d9c       0x64 Drivers/STM32F4xx_HAL_Driver/Src/stm32f4xx_hal_cortex.o
                0x0000000008002d9c                HAL_NVIC_SetPriority
 .text.HAL_NVIC_EnableIRQ
                0x0000000008002e00       0x1c Drivers/STM32F4xx_HAL_Driver/Src/stm32f4xx_hal_cortex.o
                0x0000000008002e00                HAL_NVIC_EnableIRQ
 .text.HAL_DAC_Init
                0x0000000008002e1c       0x26 Drivers/STM32F4xx_HAL_Driver/Src/stm32f4xx_hal_dac.o
                0x0000000008002e1c                HAL_DAC_Init
 .text.HAL_DAC_Start
                0x0000000008002e42       0x54 Drivers/STM32F4xx_HAL_Driver/Src/stm32f4xx_hal_dac.o
                0x0000000008002e42                HAL_DAC_Start
 .text.HAL_DAC_SetValue
                0x0000000008002e96       0x24 Drivers/STM32F4xx_HAL_Driver/Src/stm32f4xx_hal_dac.o
                0x0000000008002e96                HAL_DAC_SetValue
 .text.HAL_DAC_ConfigChannel
                0x0000000008002eba       0x46 Drivers/STM32F4xx_HAL_Driver/Src/stm32f4xx_hal_dac.o
                0x0000000008002eba                HAL_DAC_ConfigChannel
 .text.DMA_CalcBaseAndBitshift
                0x0000000008002f00       0x2c Drivers/STM32F4xx_HAL_Driver/Src/stm32f4xx_hal_dma.o
 .text.HAL_DMA_Init
                0x0000000008002f2c      0x100 Drivers/STM32F4xx_HAL_Driver/Src/stm32f4xx_hal_dma.o
                0x0000000008002f2c                HAL_DMA_Init
 .text.HAL_DMA_Start_IT
                0x000000000800302c       0x74 Drivers/STM32F4xx_HAL_Driver/Src/stm32f4xx_hal_dma.o
                0x000000000800302c                HAL_DMA_Start_IT
 .text.HAL_DMA_Abort
                0x00000000080030a0       0x88 Drivers/STM32F4xx_HAL_Driver/Src/stm32f4xx_hal_dma.o
                0x00000000080030a0                HAL_DMA_Abort
 .text.HAL_DMA_IRQHandler
                0x0000000008003128      0x17c Drivers/STM32F4xx_HAL_Driver/Src/stm32f4xx_hal_dma.o
                0x0000000008003128                HAL_DMA_IRQHandler
 .text.HAL_GPIO_Init
                0x00000000080032a4      0x1b4 Drivers/STM32F4xx_HAL_Driver/Src/stm32f4xx_hal_gpio.o
                0x00000000080032a4                HAL_GPIO_Init
 .text.HAL_GPIO_WritePin
                0x0000000008003458        0xa Drivers/STM32F4xx_HAL_Driver/Src/stm32f4xx_hal_gpio.o
                0x0000000008003458                HAL_GPIO_WritePin
 .text.I2C_IsAcknowledgeFailed
                0x0000000008003462       0x34 Drivers/STM32F4xx_HAL_Driver/Src/stm32f4xx_hal_i2c.o
 .text.I2C_WaitOnMasterAddressFlagUntilTimeout
                0x0000000008003496       0x76 Drivers/STM32F4xx_HAL_Driver/Src/stm32f4xx_hal_i2c.o
 .text.I2C_WaitOnBTFFlagUntilTimeout
                0x000000000800350c       0x4c Drivers/STM32F4xx_HAL_Driver/Src/stm32f4xx_hal_i2c.o
 .text.I2C_WaitOnRXNEFlagUntilTimeout
                0x0000000008003558       0x5e Drivers/STM32F4xx_HAL_Driver/Src/stm32f4xx_hal_i2c.o
 .text.I2C_WaitOnFlagUntilTimeout
                0x00000000080035b6       0x64 Drivers/STM32F4xx_HAL_Driver/Src/stm32f4xx_hal_i2c.o
 .text.I2C_WaitOnTXEFlagUntilTimeout
                0x000000000800361a       0x4c Drivers/STM32F4xx_HAL_Driver/Src/stm32f4xx_hal_i2c.o
 *fill*         0x0000000008003666        0x2 
 .text.HAL_I2C_Init
                0x0000000008003668      0x150 Drivers/STM32F4xx_HAL_Driver/Src/stm32f4xx_hal_i2c.o
                0x0000000008003668                HAL_I2C_Init
 .text.HAL_I2C_Master_Transmit
                0x00000000080037b8      0x1b0 Drivers/STM32F4xx_HAL_Driver/Src/stm32f4xx_hal_i2c.o
                0x00000000080037b8                HAL_I2C_Master_Transmit
 .text.HAL_I2C_Master_Receive
                0x0000000008003968      0x2e0 Drivers/STM32F4xx_HAL_Driver/Src/stm32f4xx_hal_i2c.o
                0x0000000008003968                HAL_I2C_Master_Receive
 .text.HAL_PCD_Init
                0x0000000008003c48      0x10a Drivers/STM32F4xx_HAL_Driver/Src/stm32f4xx_hal_pcd.o
                0x0000000008003c48                HAL_PCD_Init
 .text.HAL_PCD_Start
                0x0000000008003d52       0x3e Drivers/STM32F4xx_HAL_Driver/Src/stm32f4xx_hal_pcd.o
                0x0000000008003d52                HAL_PCD_Start
 .text.HAL_PCD_IRQHandler
                0x0000000008003d90      0x560 Drivers/STM32F4xx_HAL_Driver/Src/stm32f4xx_hal_pcd.o
                0x0000000008003d90                HAL_PCD_IRQHandler
 .text.HAL_PCD_SetAddress
                0x00000000080042f0       0x28 Drivers/STM32F4xx_HAL_Driver/Src/stm32f4xx_hal_pcd.o
                0x00000000080042f0                HAL_PCD_SetAddress
 .text.HAL_PCD_EP_Open
                0x0000000008004318       0x70 Drivers/STM32F4xx_HAL_Driver/Src/stm32f4xx_hal_pcd.o
                0x0000000008004318                HAL_PCD_EP_Open
 .text.HAL_PCD_EP_Close
                0x0000000008004388       0x5e Drivers/STM32F4xx_HAL_Driver/Src/stm32f4xx_hal_pcd.o
                0x0000000008004388                HAL_PCD_EP_Close
 .text.HAL_PCD_EP_Receive
                0x00000000080043e6       0x48 Drivers/STM32F4xx_HAL_Driver/Src/stm32f4xx_hal_pcd.o
                0x00000000080043e6                HAL_PCD_EP_Receive
 .text.HAL_PCD_EP_GetRxCount
                0x000000000800442e       0x10 Drivers/STM32F4xx_HAL_Driver/Src/stm32f4xx_hal_pcd.o
                0x000000000800442e                HAL_PCD_EP_GetRxCount
 .text.HAL_PCD_EP_Transmit
                0x000000000800443e       0x40 Drivers/STM32F4xx_HAL_Driver/Src/stm32f4xx_hal_pcd.o
                0x000000000800443e                HAL_PCD_EP_Transmit
 .text.HAL_PCD_EP_SetStall
                0x000000000800447e       0x70 Drivers/STM32F4xx_HAL_Driver/Src/stm32f4xx_hal_pcd.o
                0x000000000800447e                HAL_PCD_EP_SetStall
 .text.HAL_PCD_EP_ClrStall
                0x00000000080044ee       0x6c Drivers/STM32F4xx_HAL_Driver/Src/stm32f4xx_hal_pcd.o
                0x00000000080044ee                HAL_PCD_EP_ClrStall
 .text.HAL_PCDEx_SetTxFiFo
                0x000000000800455a       0x40 Drivers/STM32F4xx_HAL_Driver/Src/stm32f4xx_hal_pcd_ex.o
                0x000000000800455a                HAL_PCDEx_SetTxFiFo
 .text.HAL_PCDEx_SetRxFiFo
                0x000000000800459a        0x8 Drivers/STM32F4xx_HAL_Driver/Src/stm32f4xx_hal_pcd_ex.o
                0x000000000800459a                HAL_PCDEx_SetRxFiFo
 .text.HAL_PCDEx_LPM_Callback
                0x00000000080045a2        0x2 Drivers/STM32F4xx_HAL_Driver/Src/stm32f4xx_hal_pcd_ex.o
                0x00000000080045a2                HAL_PCDEx_LPM_Callback
 .text.HAL_RCC_OscConfig
                0x00000000080045a4      0x358 Drivers/STM32F4xx_HAL_Driver/Src/stm32f4xx_hal_rcc.o
                0x00000000080045a4                HAL_RCC_OscConfig
 .text.HAL_RCC_GetSysClockFreq
                0x00000000080048fc       0x5c Drivers/STM32F4xx_HAL_Driver/Src/stm32f4xx_hal_rcc.o
                0x00000000080048fc                HAL_RCC_GetSysClockFreq
 .text.HAL_RCC_ClockConfig
                0x0000000008004958      0x138 Drivers/STM32F4xx_HAL_Driver/Src/stm32f4xx_hal_rcc.o
                0x0000000008004958                HAL_RCC_ClockConfig
 .text.HAL_RCC_GetHCLKFreq
                0x0000000008004a90        0xc Drivers/STM32F4xx_HAL_Driver/Src/stm32f4xx_hal_rcc.o
                0x0000000008004a90                HAL_RCC_GetHCLKFreq
 .text.HAL_RCC_GetPCLK1Freq
                0x0000000008004a9c       0x20 Drivers/STM32F4xx_HAL_Driver/Src/stm32f4xx_hal_rcc.o
                0x0000000008004a9c                HAL_RCC_GetPCLK1Freq
 .text.HAL_RCC_GetPCLK2Freq
                0x0000000008004abc       0x20 Drivers/STM32F4xx_HAL_Driver/Src/stm32f4xx_hal_rcc.o
                0x0000000008004abc                HAL_RCC_GetPCLK2Freq
 .text.HAL_RCC_GetClockConfig
                0x0000000008004adc       0x3c Drivers/STM32F4xx_HAL_Driver/Src/stm32f4xx_hal_rcc.o
                0x0000000008004adc                HAL_RCC_GetClockConfig
 .text.TIM_OC1_SetConfig
                0x0000000008004b18       0x64 Drivers/STM32F4xx_HAL_Driver/Src/stm32f4xx_hal_tim.o
 .text.TIM_OC3_SetConfig
                0x0000000008004b7c       0x6c Drivers/STM32F4xx_HAL_Driver/Src/stm32f4xx_hal_tim.o
 .text.TIM_OC4_SetConfig
                0x0000000008004be8       0x4c Drivers/STM32F4xx_HAL_Driver/Src/stm32f4xx_hal_tim.o
 .text.HAL_TIM_Base_MspInit
                0x0000000008004c34        0x2 Drivers/STM32F4xx_HAL_Driver/Src/stm32f4xx_hal_tim.o
                0x0000000008004c34                HAL_TIM_Base_MspInit
 *fill*         0x0000000008004c36        0x2 
 .text.HAL_TIM_Base_Start_IT
                0x0000000008004c38       0x74 Drivers/STM32F4xx_HAL_Driver/Src/stm32f4xx_hal_tim.o
                0x0000000008004c38                HAL_TIM_Base_Start_IT
 .text.HAL_TIM_OC_DelayElapsedCallback
                0x0000000008004cac        0x2 Drivers/STM32F4xx_HAL_Driver/Src/stm32f4xx_hal_tim.o
                0x0000000008004cac                HAL_TIM_OC_DelayElapsedCallback
 .text.HAL_TIM_IC_CaptureCallback
                0x0000000008004cae        0x2 Drivers/STM32F4xx_HAL_Driver/Src/stm32f4xx_hal_tim.o
                0x0000000008004cae                HAL_TIM_IC_CaptureCallback
 .text.HAL_TIM_PWM_PulseFinishedCallback
                0x0000000008004cb0        0x2 Drivers/STM32F4xx_HAL_Driver/Src/stm32f4xx_hal_tim.o
                0x0000000008004cb0                HAL_TIM_PWM_PulseFinishedCallback
 .text.HAL_TIM_TriggerCallback
                0x0000000008004cb2        0x2 Drivers/STM32F4xx_HAL_Driver/Src/stm32f4xx_hal_tim.o
                0x0000000008004cb2                HAL_TIM_TriggerCallback
 .text.HAL_TIM_IRQHandler
                0x0000000008004cb4      0x144 Drivers/STM32F4xx_HAL_Driver/Src/stm32f4xx_hal_tim.o
                0x0000000008004cb4                HAL_TIM_IRQHandler
 .text.TIM_Base_SetConfig
                0x0000000008004df8       0xcc Drivers/STM32F4xx_HAL_Driver/Src/stm32f4xx_hal_tim.o
                0x0000000008004df8                TIM_Base_SetConfig
 .text.HAL_TIM_Base_Init
                0x0000000008004ec4       0x58 Drivers/STM32F4xx_HAL_Driver/Src/stm32f4xx_hal_tim.o
                0x0000000008004ec4                HAL_TIM_Base_Init
 .text.HAL_TIM_PWM_Init
                0x0000000008004f1c       0x58 Drivers/STM32F4xx_HAL_Driver/Src/stm32f4xx_hal_tim.o
                0x0000000008004f1c                HAL_TIM_PWM_Init
 .text.TIM_OC2_SetConfig
                0x0000000008004f74       0x6c Drivers/STM32F4xx_HAL_Driver/Src/stm32f4xx_hal_tim.o
                0x0000000008004f74                TIM_OC2_SetConfig
 .text.HAL_TIM_PWM_ConfigChannel
                0x0000000008004fe0       0xb6 Drivers/STM32F4xx_HAL_Driver/Src/stm32f4xx_hal_tim.o
                0x0000000008004fe0                HAL_TIM_PWM_ConfigChannel
 .text.TIM_CCxChannelCmd
                0x0000000008005096       0x1c Drivers/STM32F4xx_HAL_Driver/Src/stm32f4xx_hal_tim.o
                0x0000000008005096                TIM_CCxChannelCmd
 *fill*         0x00000000080050b2        0x2 
 .text.HAL_TIM_OC_Start
                0x00000000080050b4       0xcc Drivers/STM32F4xx_HAL_Driver/Src/stm32f4xx_hal_tim.o
                0x00000000080050b4                HAL_TIM_OC_Start
 .text.HAL_TIM_PWM_Start
                0x0000000008005180        0x4 Drivers/STM32F4xx_HAL_Driver/Src/stm32f4xx_hal_tim.o
                0x0000000008005180                HAL_TIM_PWM_Start
 .text.HAL_TIMEx_MasterConfigSynchronization
                0x0000000008005184       0x7c Drivers/STM32F4xx_HAL_Driver/Src/stm32f4xx_hal_tim_ex.o
                0x0000000008005184                HAL_TIMEx_MasterConfigSynchronization
 .text.HAL_TIMEx_CommutCallback
                0x0000000008005200        0x2 Drivers/STM32F4xx_HAL_Driver/Src/stm32f4xx_hal_tim_ex.o
                0x0000000008005200                HAL_TIMEx_CommutCallback
 .text.HAL_TIMEx_BreakCallback
                0x0000000008005202        0x2 Drivers/STM32F4xx_HAL_Driver/Src/stm32f4xx_hal_tim_ex.o
                0x0000000008005202                HAL_TIMEx_BreakCallback
 .text.UART_EndRxTransfer
                0x0000000008005204       0x2c Drivers/STM32F4xx_HAL_Driver/Src/stm32f4xx_hal_uart.o
 .text.UART_SetConfig
                0x0000000008005230       0xbc Drivers/STM32F4xx_HAL_Driver/Src/stm32f4xx_hal_uart.o
 .text.HAL_UART_Init
                0x00000000080052ec       0x5c Drivers/STM32F4xx_HAL_Driver/Src/stm32f4xx_hal_uart.o
                0x00000000080052ec                HAL_UART_Init
 .text.HAL_UART_Transmit_IT
                0x0000000008005348       0x3e Drivers/STM32F4xx_HAL_Driver/Src/stm32f4xx_hal_uart.o
                0x0000000008005348                HAL_UART_Transmit_IT
 *fill*         0x0000000008005386        0x2 
 .text.HAL_UART_Transmit_DMA
                0x0000000008005388       0x74 Drivers/STM32F4xx_HAL_Driver/Src/stm32f4xx_hal_uart.o
                0x0000000008005388                HAL_UART_Transmit_DMA
 .text.UART_DMATransmitCplt
                0x00000000080053fc       0x2c Drivers/STM32F4xx_HAL_Driver/Src/stm32f4xx_hal_uart.o
 .text.HAL_UART_TxHalfCpltCallback
                0x0000000008005428        0x2 Drivers/STM32F4xx_HAL_Driver/Src/stm32f4xx_hal_uart.o
                0x0000000008005428                HAL_UART_TxHalfCpltCallback
 .text.UART_DMATxHalfCplt
                0x000000000800542a        0xa Drivers/STM32F4xx_HAL_Driver/Src/stm32f4xx_hal_uart.o
 .text.HAL_UART_RxHalfCpltCallback
                0x0000000008005434        0x2 Drivers/STM32F4xx_HAL_Driver/Src/stm32f4xx_hal_uart.o
                0x0000000008005434                HAL_UART_RxHalfCpltCallback
 .text.UART_DMAError
                0x0000000008005436       0x4a Drivers/STM32F4xx_HAL_Driver/Src/stm32f4xx_hal_uart.o
 .text.HAL_UARTEx_RxEventCallback
                0x0000000008005480        0x2 Drivers/STM32F4xx_HAL_Driver/Src/stm32f4xx_hal_uart.o
                0x0000000008005480                HAL_UARTEx_RxEventCallback
 .text.UART_DMARxHalfCplt
                0x0000000008005482       0x1a Drivers/STM32F4xx_HAL_Driver/Src/stm32f4xx_hal_uart.o
 .text.UART_DMAReceiveCplt
                0x000000000800549c       0x54 Drivers/STM32F4xx_HAL_Driver/Src/stm32f4xx_hal_uart.o
 .text.UART_Start_Receive_DMA
                0x00000000080054f0       0x6c Drivers/STM32F4xx_HAL_Driver/Src/stm32f4xx_hal_uart.o
                0x00000000080054f0                UART_Start_Receive_DMA
 .text.HAL_UART_Receive_DMA
                0x000000000800555c       0x30 Drivers/STM32F4xx_HAL_Driver/Src/stm32f4xx_hal_uart.o
                0x000000000800555c                HAL_UART_Receive_DMA
 .text.USB_CoreReset
                0x000000000800558c       0x30 Drivers/STM32F4xx_HAL_Driver/Src/stm32f4xx_ll_usb.o
 .text.USB_CoreInit
                0x00000000080055bc       0x80 Drivers/STM32F4xx_HAL_Driver/Src/stm32f4xx_ll_usb.o
                0x00000000080055bc                USB_CoreInit
 .text.USB_SetTurnaroundTime
                0x000000000800563c       0xe0 Drivers/STM32F4xx_HAL_Driver/Src/stm32f4xx_ll_usb.o
                0x000000000800563c                USB_SetTurnaroundTime
 .text.USB_EnableGlobalInt
                0x000000000800571c        0xc Drivers/STM32F4xx_HAL_Driver/Src/stm32f4xx_ll_usb.o
                0x000000000800571c                USB_EnableGlobalInt
 .text.USB_DisableGlobalInt
                0x0000000008005728        0xc Drivers/STM32F4xx_HAL_Driver/Src/stm32f4xx_ll_usb.o
                0x0000000008005728                USB_DisableGlobalInt
 .text.USB_SetCurrentMode
                0x0000000008005734       0x2e Drivers/STM32F4xx_HAL_Driver/Src/stm32f4xx_ll_usb.o
                0x0000000008005734                USB_SetCurrentMode
 *fill*         0x0000000008005762        0x2 
 .text.USB_FlushTxFifo
                0x0000000008005764       0x24 Drivers/STM32F4xx_HAL_Driver/Src/stm32f4xx_ll_usb.o
                0x0000000008005764                USB_FlushTxFifo
 .text.USB_FlushRxFifo
                0x0000000008005788       0x20 Drivers/STM32F4xx_HAL_Driver/Src/stm32f4xx_ll_usb.o
                0x0000000008005788                USB_FlushRxFifo
 .text.USB_SetDevSpeed
                0x00000000080057a8        0xe Drivers/STM32F4xx_HAL_Driver/Src/stm32f4xx_ll_usb.o
                0x00000000080057a8                USB_SetDevSpeed
 *fill*         0x00000000080057b6        0x2 
 .text.USB_DevInit
                0x00000000080057b8      0x170 Drivers/STM32F4xx_HAL_Driver/Src/stm32f4xx_ll_usb.o
                0x00000000080057b8                USB_DevInit
 .text.USB_GetDevSpeed
                0x0000000008005928       0x16 Drivers/STM32F4xx_HAL_Driver/Src/stm32f4xx_ll_usb.o
                0x0000000008005928                USB_GetDevSpeed
 .text.USB_ActivateEndpoint
                0x000000000800593e       0x7c Drivers/STM32F4xx_HAL_Driver/Src/stm32f4xx_ll_usb.o
                0x000000000800593e                USB_ActivateEndpoint
 *fill*         0x00000000080059ba        0x2 
 .text.USB_DeactivateEndpoint
                0x00000000080059bc       0xac Drivers/STM32F4xx_HAL_Driver/Src/stm32f4xx_ll_usb.o
                0x00000000080059bc                USB_DeactivateEndpoint
 .text.USB_EP0StartXfer
                0x0000000008005a68       0xf4 Drivers/STM32F4xx_HAL_Driver/Src/stm32f4xx_ll_usb.o
                0x0000000008005a68                USB_EP0StartXfer
 .text.USB_WritePacket
                0x0000000008005b5c       0x26 Drivers/STM32F4xx_HAL_Driver/Src/stm32f4xx_ll_usb.o
                0x0000000008005b5c                USB_WritePacket
 *fill*         0x0000000008005b82        0x2 
 .text.USB_EPStartXfer
                0x0000000008005b84      0x1dc Drivers/STM32F4xx_HAL_Driver/Src/stm32f4xx_ll_usb.o
                0x0000000008005b84                USB_EPStartXfer
 .text.USB_ReadPacket
                0x0000000008005d60       0x1c Drivers/STM32F4xx_HAL_Driver/Src/stm32f4xx_ll_usb.o
                0x0000000008005d60                USB_ReadPacket
 .text.USB_EPSetStall
                0x0000000008005d7c       0x56 Drivers/STM32F4xx_HAL_Driver/Src/stm32f4xx_ll_usb.o
                0x0000000008005d7c                USB_EPSetStall
 .text.USB_EPClearStall
                0x0000000008005dd2       0x52 Drivers/STM32F4xx_HAL_Driver/Src/stm32f4xx_ll_usb.o
                0x0000000008005dd2                USB_EPClearStall
 .text.USB_SetDevAddress
                0x0000000008005e24       0x20 Drivers/STM32F4xx_HAL_Driver/Src/stm32f4xx_ll_usb.o
                0x0000000008005e24                USB_SetDevAddress
 .text.USB_DevConnect
                0x0000000008005e44       0x1c Drivers/STM32F4xx_HAL_Driver/Src/stm32f4xx_ll_usb.o
                0x0000000008005e44                USB_DevConnect
 .text.USB_DevDisconnect
                0x0000000008005e60       0x1c Drivers/STM32F4xx_HAL_Driver/Src/stm32f4xx_ll_usb.o
                0x0000000008005e60                USB_DevDisconnect
 .text.USB_ReadInterrupts
                0x0000000008005e7c        0x8 Drivers/STM32F4xx_HAL_Driver/Src/stm32f4xx_ll_usb.o
                0x0000000008005e7c                USB_ReadInterrupts
 .text.USB_ReadDevAllOutEpInterrupt
                0x0000000008005e84       0x10 Drivers/STM32F4xx_HAL_Driver/Src/stm32f4xx_ll_usb.o
                0x0000000008005e84                USB_ReadDevAllOutEpInterrupt
 .text.USB_ReadDevAllInEpInterrupt
                0x0000000008005e94       0x10 Drivers/STM32F4xx_HAL_Driver/Src/stm32f4xx_ll_usb.o
                0x0000000008005e94                USB_ReadDevAllInEpInterrupt
 .text.USB_ReadDevOutEPInterrupt
                0x0000000008005ea4       0x12 Drivers/STM32F4xx_HAL_Driver/Src/stm32f4xx_ll_usb.o
                0x0000000008005ea4                USB_ReadDevOutEPInterrupt
 .text.USB_ReadDevInEPInterrupt
                0x0000000008005eb6       0x24 Drivers/STM32F4xx_HAL_Driver/Src/stm32f4xx_ll_usb.o
                0x0000000008005eb6                USB_ReadDevInEPInterrupt
 .text.USB_GetMode
                0x0000000008005eda        0x8 Drivers/STM32F4xx_HAL_Driver/Src/stm32f4xx_ll_usb.o
                0x0000000008005eda                USB_GetMode
 .text.USB_ActivateSetup
                0x0000000008005ee2       0x20 Drivers/STM32F4xx_HAL_Driver/Src/stm32f4xx_ll_usb.o
                0x0000000008005ee2                USB_ActivateSetup
 *fill*         0x0000000008005f02        0x2 
 .text.USB_EP0_OutStart
                0x0000000008005f04       0x4c Drivers/STM32F4xx_HAL_Driver/Src/stm32f4xx_ll_usb.o
                0x0000000008005f04                USB_EP0_OutStart
 .text.USBD_CDC_EP0_RxReady
                0x0000000008005f50       0x2e Middlewares/ST/STM32_USB_Device_Library/Class/CDC/Src/usbd_cdc.o
 *fill*         0x0000000008005f7e        0x2 
 .text.USBD_CDC_GetFSCfgDesc
                0x0000000008005f80        0xc Middlewares/ST/STM32_USB_Device_Library/Class/CDC/Src/usbd_cdc.o
 .text.USBD_CDC_GetHSCfgDesc
                0x0000000008005f8c        0xc Middlewares/ST/STM32_USB_Device_Library/Class/CDC/Src/usbd_cdc.o
 .text.USBD_CDC_GetOtherSpeedCfgDesc
                0x0000000008005f98        0xc Middlewares/ST/STM32_USB_Device_Library/Class/CDC/Src/usbd_cdc.o
 .text.USBD_CDC_GetDeviceQualifierDescriptor
                0x0000000008005fa4        0xc Middlewares/ST/STM32_USB_Device_Library/Class/CDC/Src/usbd_cdc.o
                0x0000000008005fa4                USBD_CDC_GetDeviceQualifierDescriptor
 .text.USBD_CDC_DataOut
                0x0000000008005fb0       0x2a Middlewares/ST/STM32_USB_Device_Library/Class/CDC/Src/usbd_cdc.o
 .text.USBD_CDC_DataIn
                0x0000000008005fda       0x60 Middlewares/ST/STM32_USB_Device_Library/Class/CDC/Src/usbd_cdc.o
 *fill*         0x000000000800603a        0x2 
 .text.USBD_CDC_Setup
                0x000000000800603c       0xf8 Middlewares/ST/STM32_USB_Device_Library/Class/CDC/Src/usbd_cdc.o
 .text.USBD_CDC_DeInit
                0x0000000008006134       0x42 Middlewares/ST/STM32_USB_Device_Library/Class/CDC/Src/usbd_cdc.o
 .text.USBD_CDC_Init
                0x0000000008006176       0xa6 Middlewares/ST/STM32_USB_Device_Library/Class/CDC/Src/usbd_cdc.o
 .text.USBD_CDC_RegisterInterface
                0x000000000800621c        0xe Middlewares/ST/STM32_USB_Device_Library/Class/CDC/Src/usbd_cdc.o
                0x000000000800621c                USBD_CDC_RegisterInterface
 .text.USBD_CDC_SetTxBuffer
                0x000000000800622a       0x16 Middlewares/ST/STM32_USB_Device_Library/Class/CDC/Src/usbd_cdc.o
                0x000000000800622a                USBD_CDC_SetTxBuffer
 .text.USBD_CDC_SetRxBuffer
                0x0000000008006240       0x12 Middlewares/ST/STM32_USB_Device_Library/Class/CDC/Src/usbd_cdc.o
                0x0000000008006240                USBD_CDC_SetRxBuffer
 .text.USBD_CDC_TransmitPacket
                0x0000000008006252       0x30 Middlewares/ST/STM32_USB_Device_Library/Class/CDC/Src/usbd_cdc.o
                0x0000000008006252                USBD_CDC_TransmitPacket
 .text.USBD_CDC_ReceivePacket
                0x0000000008006282       0x2e Middlewares/ST/STM32_USB_Device_Library/Class/CDC/Src/usbd_cdc.o
                0x0000000008006282                USBD_CDC_ReceivePacket
 .text.USBD_Init
                0x00000000080062b0       0x26 Middlewares/ST/STM32_USB_Device_Library/Core/Src/usbd_core.o
                0x00000000080062b0                USBD_Init
 .text.USBD_RegisterClass
                0x00000000080062d6       0x2c Middlewares/ST/STM32_USB_Device_Library/Core/Src/usbd_core.o
                0x00000000080062d6                USBD_RegisterClass
 .text.USBD_Start
                0x0000000008006302        0x4 Middlewares/ST/STM32_USB_Device_Library/Core/Src/usbd_core.o
                0x0000000008006302                USBD_Start
 .text.USBD_SetClassConfig
                0x0000000008006306        0xe Middlewares/ST/STM32_USB_Device_Library/Core/Src/usbd_core.o
                0x0000000008006306                USBD_SetClassConfig
 .text.USBD_ClrClassConfig
                0x0000000008006314       0x10 Middlewares/ST/STM32_USB_Device_Library/Core/Src/usbd_core.o
                0x0000000008006314                USBD_ClrClassConfig
 .text.USBD_LL_SetupStage
                0x0000000008006324       0x60 Middlewares/ST/STM32_USB_Device_Library/Core/Src/usbd_core.o
                0x0000000008006324                USBD_LL_SetupStage
 .text.USBD_LL_DataOutStage
                0x0000000008006384       0x60 Middlewares/ST/STM32_USB_Device_Library/Core/Src/usbd_core.o
                0x0000000008006384                USBD_LL_DataOutStage
 .text.USBD_LL_DataInStage
                0x00000000080063e4       0xa4 Middlewares/ST/STM32_USB_Device_Library/Core/Src/usbd_core.o
                0x00000000080063e4                USBD_LL_DataInStage
 .text.USBD_LL_Reset
                0x0000000008006488       0x58 Middlewares/ST/STM32_USB_Device_Library/Core/Src/usbd_core.o
                0x0000000008006488                USBD_LL_Reset
 .text.USBD_LL_SetSpeed
                0x00000000080064e0        0x6 Middlewares/ST/STM32_USB_Device_Library/Core/Src/usbd_core.o
                0x00000000080064e0                USBD_LL_SetSpeed
 .text.USBD_LL_Suspend
                0x00000000080064e6       0x14 Middlewares/ST/STM32_USB_Device_Library/Core/Src/usbd_core.o
                0x00000000080064e6                USBD_LL_Suspend
 .text.USBD_LL_Resume
                0x00000000080064fa       0x16 Middlewares/ST/STM32_USB_Device_Library/Core/Src/usbd_core.o
                0x00000000080064fa                USBD_LL_Resume
 .text.USBD_LL_SOF
                0x0000000008006510       0x22 Middlewares/ST/STM32_USB_Device_Library/Core/Src/usbd_core.o
                0x0000000008006510                USBD_LL_SOF
 .text.USBD_LL_IsoINIncomplete
                0x0000000008006532       0x22 Middlewares/ST/STM32_USB_Device_Library/Core/Src/usbd_core.o
                0x0000000008006532                USBD_LL_IsoINIncomplete
 .text.USBD_LL_IsoOUTIncomplete
                0x0000000008006554       0x22 Middlewares/ST/STM32_USB_Device_Library/Core/Src/usbd_core.o
                0x0000000008006554                USBD_LL_IsoOUTIncomplete
 .text.USBD_LL_DevConnected
                0x0000000008006576        0x4 Middlewares/ST/STM32_USB_Device_Library/Core/Src/usbd_core.o
                0x0000000008006576                USBD_LL_DevConnected
 .text.USBD_LL_DevDisconnected
                0x000000000800657a       0x18 Middlewares/ST/STM32_USB_Device_Library/Core/Src/usbd_core.o
                0x000000000800657a                USBD_LL_DevDisconnected
 .text.USBD_CtlError.constprop.0
                0x0000000008006592       0x16 Middlewares/ST/STM32_USB_Device_Library/Core/Src/usbd_ctlreq.o
 .text.USBD_StdDevReq
                0x00000000080065a8      0x284 Middlewares/ST/STM32_USB_Device_Library/Core/Src/usbd_ctlreq.o
                0x00000000080065a8                USBD_StdDevReq
 .text.USBD_StdItfReq
                0x000000000800682c       0x4c Middlewares/ST/STM32_USB_Device_Library/Core/Src/usbd_ctlreq.o
                0x000000000800682c                USBD_StdItfReq
 .text.USBD_StdEPReq
                0x0000000008006878      0x11e Middlewares/ST/STM32_USB_Device_Library/Core/Src/usbd_ctlreq.o
                0x0000000008006878                USBD_StdEPReq
 .text.USBD_ParseSetupRequest
                0x0000000008006996       0x28 Middlewares/ST/STM32_USB_Device_Library/Core/Src/usbd_ctlreq.o
                0x0000000008006996                USBD_ParseSetupRequest
 .text.USBD_CtlError
                0x00000000080069be       0x16 Middlewares/ST/STM32_USB_Device_Library/Core/Src/usbd_ctlreq.o
                0x00000000080069be                USBD_CtlError
 .text.USBD_GetString
                0x00000000080069d4       0x38 Middlewares/ST/STM32_USB_Device_Library/Core/Src/usbd_ctlreq.o
                0x00000000080069d4                USBD_GetString
 .text.USBD_CtlSendData
                0x0000000008006a0c       0x1a Middlewares/ST/STM32_USB_Device_Library/Core/Src/usbd_ioreq.o
                0x0000000008006a0c                USBD_CtlSendData
 .text.USBD_CtlContinueSendData
                0x0000000008006a26       0x10 Middlewares/ST/STM32_USB_Device_Library/Core/Src/usbd_ioreq.o
                0x0000000008006a26                USBD_CtlContinueSendData
 .text.USBD_CtlPrepareRx
                0x0000000008006a36       0x1a Middlewares/ST/STM32_USB_Device_Library/Core/Src/usbd_ioreq.o
                0x0000000008006a36                USBD_CtlPrepareRx
 .text.USBD_CtlContinueRx
                0x0000000008006a50       0x10 Middlewares/ST/STM32_USB_Device_Library/Core/Src/usbd_ioreq.o
                0x0000000008006a50                USBD_CtlContinueRx
 .text.USBD_CtlSendStatus
                0x0000000008006a60       0x16 Middlewares/ST/STM32_USB_Device_Library/Core/Src/usbd_ioreq.o
                0x0000000008006a60                USBD_CtlSendStatus
 .text.USBD_CtlReceiveStatus
                0x0000000008006a76       0x16 Middlewares/ST/STM32_USB_Device_Library/Core/Src/usbd_ioreq.o
                0x0000000008006a76                USBD_CtlReceiveStatus
 .text.SysTick_Handler
                0x0000000008006a8c       0x1c Middlewares/Third_Party/FreeRTOS/Source/CMSIS_RTOS_V2/cmsis_os2.o
                0x0000000008006a8c                SysTick_Handler
 .text.osKernelInitialize
                0x0000000008006aa8       0x24 Middlewares/Third_Party/FreeRTOS/Source/CMSIS_RTOS_V2/cmsis_os2.o
                0x0000000008006aa8                osKernelInitialize
 .text.osKernelStart
                0x0000000008006acc       0x34 Middlewares/Third_Party/FreeRTOS/Source/CMSIS_RTOS_V2/cmsis_os2.o
                0x0000000008006acc                osKernelStart
 .text.osThreadNew
                0x0000000008006b00       0x92 Middlewares/Third_Party/FreeRTOS/Source/CMSIS_RTOS_V2/cmsis_os2.o
                0x0000000008006b00                osThreadNew
 .text.osDelay  0x0000000008006b92       0x18 Middlewares/Third_Party/FreeRTOS/Source/CMSIS_RTOS_V2/cmsis_os2.o
                0x0000000008006b92                osDelay
 .text.osSemaphoreNew
                0x0000000008006baa       0x94 Middlewares/Third_Party/FreeRTOS/Source/CMSIS_RTOS_V2/cmsis_os2.o
                0x0000000008006baa                osSemaphoreNew
 *fill*         0x0000000008006c3e        0x2 
 .text.vApplicationGetIdleTaskMemory
                0x0000000008006c40       0x18 Middlewares/Third_Party/FreeRTOS/Source/CMSIS_RTOS_V2/cmsis_os2.o
                0x0000000008006c40                vApplicationGetIdleTaskMemory
 .text.vApplicationGetTimerTaskMemory
                0x0000000008006c58       0x18 Middlewares/Third_Party/FreeRTOS/Source/CMSIS_RTOS_V2/cmsis_os2.o
                0x0000000008006c58                vApplicationGetTimerTaskMemory
 .text.vListInitialise
                0x0000000008006c70       0x16 Middlewares/Third_Party/FreeRTOS/Source/list.o
                0x0000000008006c70                vListInitialise
 .text.vListInitialiseItem
                0x0000000008006c86        0x6 Middlewares/Third_Party/FreeRTOS/Source/list.o
                0x0000000008006c86                vListInitialiseItem
 .text.vListInsertEnd
                0x0000000008006c8c       0x18 Middlewares/Third_Party/FreeRTOS/Source/list.o
                0x0000000008006c8c                vListInsertEnd
 .text.vListInsert
                0x0000000008006ca4       0x2e Middlewares/Third_Party/FreeRTOS/Source/list.o
                0x0000000008006ca4                vListInsert
 .text.uxListRemove
                0x0000000008006cd2       0x20 Middlewares/Third_Party/FreeRTOS/Source/list.o
                0x0000000008006cd2                uxListRemove
 .text.prvIsQueueEmpty
                0x0000000008006cf2       0x16 Middlewares/Third_Party/FreeRTOS/Source/queue.o
 .text.prvCopyDataToQueue
                0x0000000008006d08       0x6a Middlewares/Third_Party/FreeRTOS/Source/queue.o
 .text.prvCopyDataFromQueue
                0x0000000008006d72       0x2c Middlewares/Third_Party/FreeRTOS/Source/queue.o
 .text.prvUnlockQueue
                0x0000000008006d9e       0x70 Middlewares/Third_Party/FreeRTOS/Source/queue.o
 *fill*         0x0000000008006e0e        0x2 
 .text.xQueueGenericReset
                0x0000000008006e10       0x80 Middlewares/Third_Party/FreeRTOS/Source/queue.o
                0x0000000008006e10                xQueueGenericReset
 .text.xQueueGenericCreateStatic
                0x0000000008006e90       0x9c Middlewares/Third_Party/FreeRTOS/Source/queue.o
                0x0000000008006e90                xQueueGenericCreateStatic
 .text.xQueueGenericCreate
                0x0000000008006f2c       0x4e Middlewares/Third_Party/FreeRTOS/Source/queue.o
                0x0000000008006f2c                xQueueGenericCreate
 .text.xQueueCreateCountingSemaphoreStatic
                0x0000000008006f7a       0x44 Middlewares/Third_Party/FreeRTOS/Source/queue.o
                0x0000000008006f7a                xQueueCreateCountingSemaphoreStatic
 .text.xQueueCreateCountingSemaphore
                0x0000000008006fbe       0x3c Middlewares/Third_Party/FreeRTOS/Source/queue.o
                0x0000000008006fbe                xQueueCreateCountingSemaphore
 *fill*         0x0000000008006ffa        0x2 
 .text.xQueueGenericSend
                0x0000000008006ffc      0x164 Middlewares/Third_Party/FreeRTOS/Source/queue.o
                0x0000000008006ffc                xQueueGenericSend
 .text.xQueueGenericSendFromISR
                0x0000000008007160       0xc4 Middlewares/Third_Party/FreeRTOS/Source/queue.o
                0x0000000008007160                xQueueGenericSendFromISR
 .text.xQueueGiveFromISR
                0x0000000008007224       0xa8 Middlewares/Third_Party/FreeRTOS/Source/queue.o
                0x0000000008007224                xQueueGiveFromISR
 .text.xQueueReceive
                0x00000000080072cc      0x140 Middlewares/Third_Party/FreeRTOS/Source/queue.o
                0x00000000080072cc                xQueueReceive
 .text.xQueueSemaphoreTake
                0x000000000800740c      0x188 Middlewares/Third_Party/FreeRTOS/Source/queue.o
                0x000000000800740c                xQueueSemaphoreTake
 .text.vQueueAddToRegistry
                0x0000000008007594       0x24 Middlewares/Third_Party/FreeRTOS/Source/queue.o
                0x0000000008007594                vQueueAddToRegistry
 .text.vQueueUnregisterQueue
                0x00000000080075b8       0x30 Middlewares/Third_Party/FreeRTOS/Source/queue.o
                0x00000000080075b8                vQueueUnregisterQueue
 .text.vQueueDelete
                0x00000000080075e8       0x2a Middlewares/Third_Party/FreeRTOS/Source/queue.o
                0x00000000080075e8                vQueueDelete
 .text.vQueueWaitForMessageRestricted
                0x0000000008007612       0x46 Middlewares/Third_Party/FreeRTOS/Source/queue.o
                0x0000000008007612                vQueueWaitForMessageRestricted
 .text.prvAddNewTaskToReadyList
                0x0000000008007658      0x100 Middlewares/Third_Party/FreeRTOS/Source/tasks.o
 .text.prvTaskIsTaskSuspended
                0x0000000008007758       0x38 Middlewares/Third_Party/FreeRTOS/Source/tasks.o
 .text.prvResetNextTaskUnblockTime
                0x0000000008007790       0x24 Middlewares/Third_Party/FreeRTOS/Source/tasks.o
 .text.prvInitialiseNewTask.isra.0
                0x00000000080077b4       0x9c Middlewares/Third_Party/FreeRTOS/Source/tasks.o
 .text.prvDeleteTCB
                0x0000000008007850       0x36 Middlewares/Third_Party/FreeRTOS/Source/tasks.o
 *fill*         0x0000000008007886        0x2 
 .text.prvIdleTask
                0x0000000008007888       0x64 Middlewares/Third_Party/FreeRTOS/Source/tasks.o
 .text.prvAddCurrentTaskToDelayedList
                0x00000000080078ec       0x74 Middlewares/Third_Party/FreeRTOS/Source/tasks.o
 .text.xTaskCreateStatic
                0x0000000008007960       0x70 Middlewares/Third_Party/FreeRTOS/Source/tasks.o
                0x0000000008007960                xTaskCreateStatic
 .text.xTaskCreate
                0x00000000080079d0       0x5a Middlewares/Third_Party/FreeRTOS/Source/tasks.o
                0x00000000080079d0                xTaskCreate
 *fill*         0x0000000008007a2a        0x2 
 .text.vTaskResume
                0x0000000008007a2c       0x88 Middlewares/Third_Party/FreeRTOS/Source/tasks.o
                0x0000000008007a2c                vTaskResume
 .text.vTaskStartScheduler
                0x0000000008007ab4       0x88 Middlewares/Third_Party/FreeRTOS/Source/tasks.o
                0x0000000008007ab4                vTaskStartScheduler
 .text.vTaskSuspendAll
                0x0000000008007b3c       0x10 Middlewares/Third_Party/FreeRTOS/Source/tasks.o
                0x0000000008007b3c                vTaskSuspendAll
 .text.xTaskGetTickCount
                0x0000000008007b4c        0xc Middlewares/Third_Party/FreeRTOS/Source/tasks.o
                0x0000000008007b4c                xTaskGetTickCount
 .text.xTaskIncrementTick
                0x0000000008007b58      0x12c Middlewares/Third_Party/FreeRTOS/Source/tasks.o
                0x0000000008007b58                xTaskIncrementTick
 .text.xTaskResumeAll
                0x0000000008007c84       0xe8 Middlewares/Third_Party/FreeRTOS/Source/tasks.o
                0x0000000008007c84                xTaskResumeAll
 .text.vTaskDelay
                0x0000000008007d6c       0x48 Middlewares/Third_Party/FreeRTOS/Source/tasks.o
                0x0000000008007d6c                vTaskDelay
 .text.vTaskSwitchContext
                0x0000000008007db4       0x78 Middlewares/Third_Party/FreeRTOS/Source/tasks.o
                0x0000000008007db4                vTaskSwitchContext
 .text.vTaskSuspend
                0x0000000008007e2c       0xb4 Middlewares/Third_Party/FreeRTOS/Source/tasks.o
                0x0000000008007e2c                vTaskSuspend
 .text.vTaskPlaceOnEventList
                0x0000000008007ee0       0x34 Middlewares/Third_Party/FreeRTOS/Source/tasks.o
                0x0000000008007ee0                vTaskPlaceOnEventList
 .text.vTaskPlaceOnEventListRestricted
                0x0000000008007f14       0x3c Middlewares/Third_Party/FreeRTOS/Source/tasks.o
                0x0000000008007f14                vTaskPlaceOnEventListRestricted
 .text.xTaskRemoveFromEventList
                0x0000000008007f50       0x88 Middlewares/Third_Party/FreeRTOS/Source/tasks.o
                0x0000000008007f50                xTaskRemoveFromEventList
 .text.vTaskInternalSetTimeOutState
                0x0000000008007fd8       0x18 Middlewares/Third_Party/FreeRTOS/Source/tasks.o
                0x0000000008007fd8                vTaskInternalSetTimeOutState
 .text.xTaskCheckForTimeOut
                0x0000000008007ff0       0x78 Middlewares/Third_Party/FreeRTOS/Source/tasks.o
                0x0000000008007ff0                xTaskCheckForTimeOut
 .text.vTaskMissedYield
                0x0000000008008068        0xc Middlewares/Third_Party/FreeRTOS/Source/tasks.o
                0x0000000008008068                vTaskMissedYield
 .text.xTaskGetSchedulerState
                0x0000000008008074       0x20 Middlewares/Third_Party/FreeRTOS/Source/tasks.o
                0x0000000008008074                xTaskGetSchedulerState
 .text.xTaskPriorityInherit
                0x0000000008008094       0x84 Middlewares/Third_Party/FreeRTOS/Source/tasks.o
                0x0000000008008094                xTaskPriorityInherit
 .text.xTaskPriorityDisinherit
                0x0000000008008118       0x88 Middlewares/Third_Party/FreeRTOS/Source/tasks.o
                0x0000000008008118                xTaskPriorityDisinherit
 .text.vTaskPriorityDisinheritAfterTimeout
                0x00000000080081a0       0xa4 Middlewares/Third_Party/FreeRTOS/Source/tasks.o
                0x00000000080081a0                vTaskPriorityDisinheritAfterTimeout
 .text.pvTaskIncrementMutexHeldCount
                0x0000000008008244       0x18 Middlewares/Third_Party/FreeRTOS/Source/tasks.o
                0x0000000008008244                pvTaskIncrementMutexHeldCount
 .text.prvCheckForValidListAndQueue
                0x000000000800825c       0x68 Middlewares/Third_Party/FreeRTOS/Source/timers.o
 .text.prvInsertTimerInActiveList
                0x00000000080082c4       0x3c Middlewares/Third_Party/FreeRTOS/Source/timers.o
 .text.xTimerCreateTimerTask
                0x0000000008008300       0x64 Middlewares/Third_Party/FreeRTOS/Source/timers.o
                0x0000000008008300                xTimerCreateTimerTask
 .text.xTimerGenericCommand
                0x0000000008008364       0x58 Middlewares/Third_Party/FreeRTOS/Source/timers.o
                0x0000000008008364                xTimerGenericCommand
 .text.prvSwitchTimerLists
                0x00000000080083bc       0x7c Middlewares/Third_Party/FreeRTOS/Source/timers.o
 .text.prvTimerTask
                0x0000000008008438      0x1f8 Middlewares/Third_Party/FreeRTOS/Source/timers.o
 .text.prvPortStartFirstTask
                0x0000000008008630       0x28 Middlewares/Third_Party/FreeRTOS/Source/portable/GCC/ARM_CM4F/port.o
 .text.vPortEnableVFP
                0x0000000008008658       0x14 Middlewares/Third_Party/FreeRTOS/Source/portable/GCC/ARM_CM4F/port.o
 .text.prvTaskExitError
                0x000000000800866c       0x40 Middlewares/Third_Party/FreeRTOS/Source/portable/GCC/ARM_CM4F/port.o
 .text.pxPortInitialiseStack
                0x00000000080086ac       0x2c Middlewares/Third_Party/FreeRTOS/Source/portable/GCC/ARM_CM4F/port.o
                0x00000000080086ac                pxPortInitialiseStack
 *fill*         0x00000000080086d8        0x8 
 .text.SVC_Handler
                0x00000000080086e0       0x24 Middlewares/Third_Party/FreeRTOS/Source/portable/GCC/ARM_CM4F/port.o
                0x00000000080086e0                SVC_Handler
 .text.vPortEnterCritical
                0x0000000008008704       0x44 Middlewares/Third_Party/FreeRTOS/Source/portable/GCC/ARM_CM4F/port.o
                0x0000000008008704                vPortEnterCritical
 .text.vPortExitCritical
                0x0000000008008748       0x28 Middlewares/Third_Party/FreeRTOS/Source/portable/GCC/ARM_CM4F/port.o
                0x0000000008008748                vPortExitCritical
 .text.PendSV_Handler
                0x0000000008008770       0x64 Middlewares/Third_Party/FreeRTOS/Source/portable/GCC/ARM_CM4F/port.o
                0x0000000008008770                PendSV_Handler
 .text.xPortSysTickHandler
                0x00000000080087d4       0x2c Middlewares/Third_Party/FreeRTOS/Source/portable/GCC/ARM_CM4F/port.o
                0x00000000080087d4                xPortSysTickHandler
 .text.vPortSetupTimerInterrupt
                0x0000000008008800       0x34 Middlewares/Third_Party/FreeRTOS/Source/portable/GCC/ARM_CM4F/port.o
                0x0000000008008800                vPortSetupTimerInterrupt
 .text.xPortStartScheduler
                0x0000000008008834      0x108 Middlewares/Third_Party/FreeRTOS/Source/portable/GCC/ARM_CM4F/port.o
                0x0000000008008834                xPortStartScheduler
 .text.vPortValidateInterruptPriority
                0x000000000800893c       0x5c Middlewares/Third_Party/FreeRTOS/Source/portable/GCC/ARM_CM4F/port.o
                0x000000000800893c                vPortValidateInterruptPriority
 .text.prvInsertBlockIntoFreeList
                0x0000000008008998       0x48 Middlewares/Third_Party/FreeRTOS/Source/portable/MemMang/heap_4.o
 .text.pvPortMalloc
                0x00000000080089e0      0x124 Middlewares/Third_Party/FreeRTOS/Source/portable/MemMang/heap_4.o
                0x00000000080089e0                pvPortMalloc
 .text.vPortFree
                0x0000000008008b04       0x7c Middlewares/Third_Party/FreeRTOS/Source/portable/MemMang/heap_4.o
                0x0000000008008b04                vPortFree
 .text.MX_USB_DEVICE_Init
                0x0000000008008b80       0x50 USB_DEVICE/App/usb_device.o
                0x0000000008008b80                MX_USB_DEVICE_Init
 .text.CDC_DeInit_FS
                0x0000000008008bd0        0x4 USB_DEVICE/App/usbd_cdc_if.o
 .text.CDC_Control_FS
                0x0000000008008bd4        0x4 USB_DEVICE/App/usbd_cdc_if.o
 .text.CDC_TransmitCplt_FS
                0x0000000008008bd8        0x4 USB_DEVICE/App/usbd_cdc_if.o
 .text.CDC_Init_FS
                0x0000000008008bdc       0x28 USB_DEVICE/App/usbd_cdc_if.o
 .text.CDC_Receive_FS
                0x0000000008008c04       0x68 USB_DEVICE/App/usbd_cdc_if.o
 .text.CDC_Transmit_FS
                0x0000000008008c6c       0x2c USB_DEVICE/App/usbd_cdc_if.o
                0x0000000008008c6c                CDC_Transmit_FS
 .text.USBD_FS_DeviceDescriptor
                0x0000000008008c98        0xc USB_DEVICE/App/usbd_desc.o
                0x0000000008008c98                USBD_FS_DeviceDescriptor
 .text.USBD_FS_LangIDStrDescriptor
                0x0000000008008ca4        0xc USB_DEVICE/App/usbd_desc.o
                0x0000000008008ca4                USBD_FS_LangIDStrDescriptor
 .text.IntToUnicode
                0x0000000008008cb0       0x2a USB_DEVICE/App/usbd_desc.o
 *fill*         0x0000000008008cda        0x2 
 .text.USBD_FS_SerialStrDescriptor
                0x0000000008008cdc       0x40 USB_DEVICE/App/usbd_desc.o
                0x0000000008008cdc                USBD_FS_SerialStrDescriptor
 .text.USBD_FS_ManufacturerStrDescriptor
                0x0000000008008d1c       0x1c USB_DEVICE/App/usbd_desc.o
                0x0000000008008d1c                USBD_FS_ManufacturerStrDescriptor
 .text.USBD_FS_ProductStrDescriptor
                0x0000000008008d38       0x1c USB_DEVICE/App/usbd_desc.o
                0x0000000008008d38                USBD_FS_ProductStrDescriptor
 .text.USBD_FS_ConfigStrDescriptor
                0x0000000008008d54       0x1c USB_DEVICE/App/usbd_desc.o
                0x0000000008008d54                USBD_FS_ConfigStrDescriptor
 .text.USBD_FS_InterfaceStrDescriptor
                0x0000000008008d70       0x1c USB_DEVICE/App/usbd_desc.o
                0x0000000008008d70                USBD_FS_InterfaceStrDescriptor
 .text.HAL_PCD_MspInit